Component: ARM Compiler 5.06 update 4 (build 422) Tool: armlink [4d35d2]

==============================================================================

Section Cross References

    startup_stm32l011xx.o(RESET) refers to startup_stm32l011xx.o(STACK) for __initial_sp
    startup_stm32l011xx.o(RESET) refers to startup_stm32l011xx.o(.text) for Reset_Handler
    startup_stm32l011xx.o(RESET) refers to stm32l0xx_it.o(i.NMI_Handler) for NMI_Handler
    startup_stm32l011xx.o(RESET) refers to stm32l0xx_it.o(i.HardFault_Handler) for HardFault_Handler
    startup_stm32l011xx.o(RESET) refers to stm32l0xx_it.o(i.SVC_Handler) for SVC_Handler
    startup_stm32l011xx.o(RESET) refers to stm32l0xx_it.o(i.PendSV_Handler) for PendSV_Handler
    startup_stm32l011xx.o(RESET) refers to stm32l0xx_it.o(i.SysTick_Handler) for SysTick_Handler
    startup_stm32l011xx.o(RESET) refers to main.o(i.TIM2_IRQHandler) for TIM2_IRQHandler
    startup_stm32l011xx.o(.text) refers to startup_stm32l011xx.o(STACK) for __initial_sp
    startup_stm32l011xx.o(.text) refers to system_stm32l0xx.o(i.SystemInit) for SystemInit
    startup_stm32l011xx.o(.text) refers to entry.o(.ARM.Collect$$$$00000000) for __main
    main.o(i.MX_GPIO_Init) refers to stm32l0xx_hal_gpio.o(i.HAL_GPIO_WritePin) for HAL_GPIO_WritePin
    main.o(i.MX_GPIO_Init) refers to stm32l0xx_hal_gpio.o(i.HAL_GPIO_Init) for HAL_GPIO_Init
    main.o(i.MX_I2C1_Init) refers to stm32l0xx_hal_i2c.o(i.HAL_I2C_Init) for HAL_I2C_Init
    main.o(i.MX_I2C1_Init) refers to stm32l0xx_hal_i2c_ex.o(i.HAL_I2CEx_ConfigAnalogFilter) for HAL_I2CEx_ConfigAnalogFilter
    main.o(i.MX_I2C1_Init) refers to stm32l0xx_hal_i2c_ex.o(i.HAL_I2CEx_ConfigDigitalFilter) for HAL_I2CEx_ConfigDigitalFilter
    main.o(i.MX_I2C1_Init) refers to main.o(.bss) for .bss
    main.o(i.MX_SPI1_Init) refers to stm32l0xx_hal_spi.o(i.HAL_SPI_Init) for HAL_SPI_Init
    main.o(i.MX_SPI1_Init) refers to main.o(.bss) for .bss
    main.o(i.MX_TIM2_Init) refers to stm32l0xx_hal_tim.o(i.HAL_TIM_Base_Init) for HAL_TIM_Base_Init
    main.o(i.MX_TIM2_Init) refers to stm32l0xx_hal_tim.o(i.HAL_TIM_ConfigClockSource) for HAL_TIM_ConfigClockSource
    main.o(i.MX_TIM2_Init) refers to stm32l0xx_hal_tim_ex.o(i.HAL_TIMEx_MasterConfigSynchronization) for HAL_TIMEx_MasterConfigSynchronization
    main.o(i.MX_TIM2_Init) refers to main.o(.bss) for .bss
    main.o(i.MX_USART2_UART_Init) refers to stm32l0xx_hal_uart.o(i.HAL_UART_Init) for HAL_UART_Init
    main.o(i.MX_USART2_UART_Init) refers to main.o(.bss) for .bss
    main.o(i.SystemClock_Config) refers to stm32l0xx_hal_rcc.o(i.HAL_RCC_OscConfig) for HAL_RCC_OscConfig
    main.o(i.SystemClock_Config) refers to stm32l0xx_hal_rcc.o(i.HAL_RCC_ClockConfig) for HAL_RCC_ClockConfig
    main.o(i.SystemClock_Config) refers to stm32l0xx_hal_rcc.o(i.HAL_RCC_GetHCLKFreq) for HAL_RCC_GetHCLKFreq
    main.o(i.SystemClock_Config) refers to uidiv.o(.text) for __aeabi_uidivmod
    main.o(i.SystemClock_Config) refers to stm32l0xx_hal_cortex.o(i.HAL_SYSTICK_Config) for HAL_SYSTICK_Config
    main.o(i.SystemClock_Config) refers to stm32l0xx_hal_cortex.o(i.HAL_SYSTICK_CLKSourceConfig) for HAL_SYSTICK_CLKSourceConfig
    main.o(i.SystemClock_Config) refers to stm32l0xx_hal_cortex.o(i.HAL_NVIC_SetPriority) for HAL_NVIC_SetPriority
    main.o(i.TIM2_IRQHandler) refers to stm32l0xx_hal_tim.o(i.HAL_TIM_IRQHandler) for HAL_TIM_IRQHandler
    main.o(i.TIM2_IRQHandler) refers to main.o(.bss) for .bss
    main.o(i.TIM2_IRQHandler) refers to main.o(.data) for .data
    main.o(i.main) refers to stm32l0xx_hal.o(i.HAL_Init) for HAL_Init
    main.o(i.main) refers to main.o(i.SystemClock_Config) for SystemClock_Config
    main.o(i.main) refers to main.o(i.MX_GPIO_Init) for MX_GPIO_Init
    main.o(i.main) refers to main.o(i.MX_USART2_UART_Init) for MX_USART2_UART_Init
    main.o(i.main) refers to main.o(i.MX_SPI1_Init) for MX_SPI1_Init
    main.o(i.main) refers to main.o(i.MX_I2C1_Init) for MX_I2C1_Init
    main.o(i.main) refers to main.o(i.MX_TIM2_Init) for MX_TIM2_Init
    main.o(i.main) refers to stm32l0xx_hal_cortex.o(i.HAL_NVIC_SetPriority) for HAL_NVIC_SetPriority
    main.o(i.main) refers to stm32l0xx_hal_cortex.o(i.HAL_NVIC_EnableIRQ) for HAL_NVIC_EnableIRQ
    main.o(i.main) refers to stm32l0xx_hal_msp.o(i.HAL_UART_MspInit) for HAL_UART_MspInit
    main.o(i.main) refers to stm32l0xx_hal_tim.o(i.HAL_TIM_Base_Start) for HAL_TIM_Base_Start
    main.o(i.main) refers to stm32l0xx_hal_tim.o(i.HAL_TIM_Base_Start_IT) for HAL_TIM_Base_Start_IT
    main.o(i.main) refers to bmp280.o(i.bmp280_init_default_params) for bmp280_init_default_params
    main.o(i.main) refers to stm32l0xx_hal.o(i.HAL_Delay) for HAL_Delay
    main.o(i.main) refers to nrf24l01.o(i.Conf_NRF_Rx) for Conf_NRF_Rx
    main.o(i.main) refers to printfa.o(i.__0sprintf) for __2sprintf
    main.o(i.main) refers to stm32l0xx_hal_uart.o(i.HAL_UART_Transmit) for HAL_UART_Transmit
    main.o(i.main) refers to nrf24l01.o(i.NRF_readreg) for NRF_readreg
[...]
    Removing stm32l0xx_hal_tim.o(i.HAL_TIM_OC_Start_DMA), (220 bytes).
    Removing stm32l0xx_hal_tim.o(i.HAL_TIM_OC_Start_IT), (72 bytes).
    Removing stm32l0xx_hal_tim.o(i.HAL_TIM_OC_Stop), (40 bytes).
    Removing stm32l0xx_hal_tim.o(i.HAL_TIM_OC_Stop_DMA), (100 bytes).
    Removing stm32l0xx_hal_tim.o(i.HAL_TIM_OC_Stop_IT), (84 bytes).
    Removing stm32l0xx_hal_tim.o(i.HAL_TIM_OnePulse_ConfigChannel), (202 bytes).
    Removing stm32l0xx_hal_tim.o(i.HAL_TIM_OnePulse_DeInit), (44 bytes).
    Removing stm32l0xx_hal_tim.o(i.HAL_TIM_OnePulse_GetState), (6 bytes).
    Removing stm32l0xx_hal_tim.o(i.HAL_TIM_OnePulse_Init), (72 bytes).
    Removing stm32l0xx_hal_tim.o(i.HAL_TIM_OnePulse_MspDeInit), (2 bytes).
    Removing stm32l0xx_hal_tim.o(i.HAL_TIM_OnePulse_MspInit), (2 bytes).
    Removing stm32l0xx_hal_tim.o(i.HAL_TIM_OnePulse_Start), (28 bytes).
    Removing stm32l0xx_hal_tim.o(i.HAL_TIM_OnePulse_Start_IT), (48 bytes).
    Removing stm32l0xx_hal_tim.o(i.HAL_TIM_OnePulse_Stop), (52 bytes).
    Removing stm32l0xx_hal_tim.o(i.HAL_TIM_OnePulse_Stop_IT), (72 bytes).
    Removing stm32l0xx_hal_tim.o(i.HAL_TIM_PWM_ConfigChannel), (208 bytes).
    Removing stm32l0xx_hal_tim.o(i.HAL_TIM_PWM_DeInit), (44 bytes).
    Removing stm32l0xx_hal_tim.o(i.HAL_TIM_PWM_GetState), (6 bytes).
    Removing stm32l0xx_hal_tim.o(i.HAL_TIM_PWM_Init), (52 bytes).
    Removing stm32l0xx_hal_tim.o(i.HAL_TIM_PWM_MspDeInit), (2 bytes).
    Removing stm32l0xx_hal_tim.o(i.HAL_TIM_PWM_MspInit), (2 bytes).
    Removing stm32l0xx_hal_tim.o(i.HAL_TIM_PWM_Start), (26 bytes).
    Removing stm32l0xx_hal_tim.o(i.HAL_TIM_PWM_Start_DMA), (220 bytes).
    Removing stm32l0xx_hal_tim.o(i.HAL_TIM_PWM_Start_IT), (72 bytes).
    Removing stm32l0xx_hal_tim.o(i.HAL_TIM_PWM_Stop), (44 bytes).
    Removing stm32l0xx_hal_tim.o(i.HAL_TIM_PWM_Stop_DMA), (100 bytes).
    Removing stm32l0xx_hal_tim.o(i.HAL_TIM_PWM_Stop_IT), (84 bytes).
    Removing stm32l0xx_hal_tim.o(i.HAL_TIM_ReadCapturedValue), (70 bytes).
    Removing stm32l0xx_hal_tim.o(i.HAL_TIM_SlaveConfigSynchronization), (60 bytes).
    Removing stm32l0xx_hal_tim.o(i.HAL_TIM_SlaveConfigSynchronization_IT), (60 bytes).
    Removing stm32l0xx_hal_tim.o(i.TIM_CCxChannelCmd), (22 bytes).
    Removing stm32l0xx_hal_tim.o(i.TIM_DMACaptureCplt), (62 bytes).
    Removing stm32l0xx_hal_tim.o(i.TIM_DMADelayPulseCplt), (62 bytes).
    Removing stm32l0xx_hal_tim.o(i.TIM_DMAError), (16 bytes).
    Removing stm32l0xx_hal_tim.o(i.TIM_DMAPeriodElapsedCplt), (16 bytes).
    Removing stm32l0xx_hal_tim.o(i.TIM_DMATriggerCplt), (16 bytes).
    Removing stm32l0xx_hal_tim.o(i.TIM_OC1_SetConfig), (48 bytes).
    Removing stm32l0xx_hal_tim.o(i.TIM_OC2_SetConfig), (50 bytes).
    Removing stm32l0xx_hal_tim.o(i.TIM_OC3_SetConfig), (54 bytes).
    Removing stm32l0xx_hal_tim.o(i.TIM_OC4_SetConfig), (54 bytes).
    Removing stm32l0xx_hal_tim.o(i.TIM_SlaveTimer_SetConfig), (122 bytes).
    Removing stm32l0xx_hal_tim.o(i.TIM_TI1_SetConfig), (72 bytes).
    Removing stm32l0xx_hal_tim.o(i.TIM_TI2_SetConfig), (52 bytes).
    Removing stm32l0xx_hal_tim_ex.o(.rev16_text), (4 bytes).
    Removing stm32l0xx_hal_tim_ex.o(.revsh_text), (4 bytes).
    Removing stm32l0xx_hal_tim_ex.o(i.HAL_TIMEx_RemapConfig), (30 bytes).
    Removing stm32l0xx_hal_uart.o(.rev16_text), (4 bytes).
    Removing stm32l0xx_hal_uart.o(.revsh_text), (4 bytes).
    Removing stm32l0xx_hal_uart.o(i.HAL_HalfDuplex_EnableReceiver), (54 bytes).
    Removing stm32l0xx_hal_uart.o(i.HAL_HalfDuplex_EnableTransmitter), (54 bytes).
    Removing stm32l0xx_hal_uart.o(i.HAL_HalfDuplex_Init), (118 bytes).
    Removing stm32l0xx_hal_uart.o(i.HAL_LIN_Init), (146 bytes).
    Removing stm32l0xx_hal_uart.o(i.HAL_LIN_SendBreak), (42 bytes).
    Removing stm32l0xx_hal_uart.o(i.HAL_MultiProcessor_DisableMuteMode), (46 bytes).
    Removing stm32l0xx_hal_uart.o(i.HAL_MultiProcessor_EnableMuteMode), (46 bytes).
    Removing stm32l0xx_hal_uart.o(i.HAL_MultiProcessor_EnterMuteMode), (12 bytes).
    Removing stm32l0xx_hal_uart.o(i.HAL_MultiProcessor_Init), (144 bytes).
    Removing stm32l0xx_hal_uart.o(i.HAL_UART_Abort), (120 bytes).
    Removing stm32l0xx_hal_uart.o(i.HAL_UART_AbortCpltCallback), (2 bytes).
    Removing stm32l0xx_hal_uart.o(i.HAL_UART_AbortReceive), (80 bytes).
    Removing stm32l0xx_hal_uart.o(i.HAL_UART_AbortReceiveCpltCallback), (2 bytes).
    Removing stm32l0xx_hal_uart.o(i.HAL_UART_AbortReceive_IT), (116 bytes).
    Removing stm32l0xx_hal_uart.o(i.HAL_UART_AbortTransmit), (62 bytes).
    Removing stm32l0xx_hal_uart.o(i.HAL_UART_AbortTransmitCpltCallback), (2 bytes).
    Removing stm32l0xx_hal_uart.o(i.HAL_UART_AbortTransmit_IT), (92 bytes).
    Removing stm32l0xx_hal_uart.o(i.HAL_UART_Abort_IT), (196 bytes).
    Removing stm32l0xx_hal_uart.o(i.HAL_UART_DMAPause), (94 bytes).
    Removing stm32l0xx_hal_uart.o(i.HAL_UART_DMAResume), (86 bytes).
    Removing stm32l0xx_hal_uart.o(i.HAL_UART_DMAStop), (88 bytes).
    Removing stm32l0xx_hal_uart.o(i.HAL_UART_DeInit), (62 bytes).
    Removing stm32l0xx_hal_uart.o(i.HAL_UART_ErrorCallback), (2 bytes).
    Removing stm32l0xx_hal_uart.o(i.HAL_UART_GetError), (4 bytes).
    Removing stm32l0xx_hal_uart.o(i.HAL_UART_GetState), (12 bytes).
    Removing stm32l0xx_hal_uart.o(i.HAL_UART_IRQHandler), (324 bytes).
    Removing stm32l0xx_hal_uart.o(i.HAL_UART_MspDeInit), (2 bytes).
    Removing stm32l0xx_hal_uart.o(i.HAL_UART_MspInit), (2 bytes).
    Removing stm32l0xx_hal_uart.o(i.HAL_UART_Receive), (256 bytes).
    Removing stm32l0xx_hal_uart.o(i.HAL_UART_Receive_DMA), (164 bytes).
    Removing stm32l0xx_hal_uart.o(i.HAL_UART_Receive_IT), (160 bytes).
    Removing stm32l0xx_hal_uart.o(i.HAL_UART_RxCpltCallback), (2 bytes).
    Removing stm32l0xx_hal_uart.o(i.HAL_UART_RxHalfCpltCallback), (2 bytes).
    Removing stm32l0xx_hal_uart.o(i.HAL_UART_Transmit_DMA), (152 bytes).
    Removing stm32l0xx_hal_uart.o(i.HAL_UART_Transmit_IT), (88 bytes).
    Removing stm32l0xx_hal_uart.o(i.HAL_UART_TxCpltCallback), (2 bytes).
    Removing stm32l0xx_hal_uart.o(i.HAL_UART_TxHalfCpltCallback), (2 bytes).
    Removing stm32l0xx_hal_uart.o(i.UART_DMAAbortOnError), (20 bytes).
    Removing stm32l0xx_hal_uart.o(i.UART_DMAError), (74 bytes).
    Removing stm32l0xx_hal_uart.o(i.UART_DMAReceiveCplt), (64 bytes).
    Removing stm32l0xx_hal_uart.o(i.UART_DMARxAbortCallback), (54 bytes).
    Removing stm32l0xx_hal_uart.o(i.UART_DMARxHalfCplt), (10 bytes).
    Removing stm32l0xx_hal_uart.o(i.UART_DMARxOnlyAbortCallback), (28 bytes).
    Removing stm32l0xx_hal_uart.o(i.UART_DMATransmitCplt), (48 bytes).
    Removing stm32l0xx_hal_uart.o(i.UART_DMATxAbortCallback), (54 bytes).
    Removing stm32l0xx_hal_uart.o(i.UART_DMATxHalfCplt), (10 bytes).
    Removing stm32l0xx_hal_uart.o(i.UART_DMATxOnlyAbortCallback), (22 bytes).
    Removing stm32l0xx_hal_uart.o(i.UART_EndRxTransfer), (30 bytes).
    Removing stm32l0xx_hal_uart.o(i.UART_EndTxTransfer), (18 bytes).
    Removing stm32l0xx_hal_uart.o(i.UART_Receive_IT), (126 bytes).
    Removing stm32l0xx_hal_uart.o(i.UART_Transmit_IT), (102 bytes).
    Removing stm32l0xx_hal_uart_ex.o(.rev16_text), (4 bytes).
    Removing stm32l0xx_hal_uart_ex.o(.revsh_text), (4 bytes).
    Removing stm32l0xx_hal_uart_ex.o(i.HAL_MultiProcessorEx_AddressLength_Set), (54 bytes).
    Removing stm32l0xx_hal_uart_ex.o(i.HAL_RS485Ex_Init), (144 bytes).
    Removing stm32l0xx_hal_uart_ex.o(i.HAL_UARTEx_DisableClockStopMode), (44 bytes).
    Removing stm32l0xx_hal_uart_ex.o(i.HAL_UARTEx_DisableStopMode), (42 bytes).
    Removing stm32l0xx_hal_uart_ex.o(i.HAL_UARTEx_EnableClockStopMode), (44 bytes).
    Removing stm32l0xx_hal_uart_ex.o(i.HAL_UARTEx_EnableStopMode), (42 bytes).
    Removing stm32l0xx_hal_uart_ex.o(i.HAL_UARTEx_StopModeWakeUpSourceConfig), (152 bytes).
    Removing stm32l0xx_hal_uart_ex.o(i.HAL_UARTEx_WakeupCallback), (2 bytes).
    Removing stm32l0xx_hal.o(.rev16_text), (4 bytes).
    Removing stm32l0xx_hal.o(.revsh_text), (4 bytes).
    Removing stm32l0xx_hal.o(i.HAL_DBGMCU_DBG_DisableLowPowerConfig), (16 bytes).
    Removing stm32l0xx_hal.o(i.HAL_DBGMCU_DBG_EnableLowPowerConfig), (16 bytes).
    Removing stm32l0xx_hal.o(i.HAL_DBGMCU_DisableDBGSleepMode), (16 bytes).
    Removing stm32l0xx_hal.o(i.HAL_DBGMCU_DisableDBGStandbyMode), (16 bytes).
    Removing stm32l0xx_hal.o(i.HAL_DBGMCU_DisableDBGStopMode), (16 bytes).
    Removing stm32l0xx_hal.o(i.HAL_DBGMCU_EnableDBGSleepMode), (16 bytes).
    Removing stm32l0xx_hal.o(i.HAL_DBGMCU_EnableDBGStandbyMode), (16 bytes).
    Removing stm32l0xx_hal.o(i.HAL_DBGMCU_EnableDBGStopMode), (16 bytes).
    Removing stm32l0xx_hal.o(i.HAL_DeInit), (40 bytes).
    Removing stm32l0xx_hal.o(i.HAL_GetDEVID), (16 bytes).
    Removing stm32l0xx_hal.o(i.HAL_GetHalVersion), (8 bytes).
    Removing stm32l0xx_hal.o(i.HAL_GetREVID), (12 bytes).
    Removing stm32l0xx_hal.o(i.HAL_MspDeInit), (2 bytes).
    Removing stm32l0xx_hal.o(i.HAL_MspInit), (2 bytes).
    Removing stm32l0xx_hal.o(i.HAL_ResumeTick), (16 bytes).
    Removing stm32l0xx_hal.o(i.HAL_SYSCFG_Disable_Lock_VREFINT), (16 bytes).
    Removing stm32l0xx_hal.o(i.HAL_SYSCFG_Enable_Lock_VREFINT), (16 bytes).
    Removing stm32l0xx_hal.o(i.HAL_SYSCFG_GetBootMode), (16 bytes).
    Removing stm32l0xx_hal.o(i.HAL_SYSCFG_VREFINT_OutputSelect), (24 bytes).
    Removing stm32l0xx_hal.o(i.HAL_SuspendTick), (16 bytes).
    Removing stm32l0xx_hal_rcc.o(.rev16_text), (4 bytes).
    Removing stm32l0xx_hal_rcc.o(.revsh_text), (4 bytes).
    Removing stm32l0xx_hal_rcc.o(i.HAL_RCC_DeInit), (108 bytes).
    Removing stm32l0xx_hal_rcc.o(i.HAL_RCC_GetClockConfig), (64 bytes).
    Removing stm32l0xx_hal_rcc.o(i.HAL_RCC_GetOscConfig), (184 bytes).
    Removing stm32l0xx_hal_rcc.o(i.HAL_RCC_MCOConfig), (96 bytes).
    Removing stm32l0xx_hal_rcc_ex.o(.rev16_text), (4 bytes).
    Removing stm32l0xx_hal_rcc_ex.o(.revsh_text), (4 bytes).
    Removing stm32l0xx_hal_rcc_ex.o(i.HAL_RCCEx_DisableLSECSS), (32 bytes).
    Removing stm32l0xx_hal_rcc_ex.o(i.HAL_RCCEx_EnableLSECSS), (20 bytes).
    Removing stm32l0xx_hal_rcc_ex.o(i.HAL_RCCEx_EnableLSECSS_IT), (52 bytes).
    Removing stm32l0xx_hal_rcc_ex.o(i.HAL_RCCEx_GetPeriphCLKConfig), (84 bytes).
    Removing stm32l0xx_hal_rcc_ex.o(i.HAL_RCCEx_LSECSS_Callback), (2 bytes).
    Removing stm32l0xx_hal_rcc_ex.o(i.HAL_RCCEx_LSECSS_IRQHandler), (24 bytes).
    Removing stm32l0xx_hal_rcc_ex.o(i.HAL_RCCEx_PeriphCLKConfig), (336 bytes).
    Removing stm32l0xx_hal_flash_ramfunc.o(.rev16_text), (4 bytes).
    Removing stm32l0xx_hal_flash_ramfunc.o(.revsh_text), (4 bytes).
    Removing stm32l0xx_hal_flash_ramfunc.o(i.FLASHRAM_SetErrorCode), (144 bytes).
    Removing stm32l0xx_hal_flash_ramfunc.o(i.FLASHRAM_WaitForLastOperation), (96 bytes).
    Removing stm32l0xx_hal_flash_ramfunc.o(i.HAL_FLASHEx_DisableRunPowerDown), (36 bytes).
    Removing stm32l0xx_hal_flash_ramfunc.o(i.HAL_FLASHEx_EnableRunPowerDown), (36 bytes).
    Removing stm32l0xx_hal_flash_ramfunc.o(i.HAL_FLASHEx_GetError), (16 bytes).
    Removing stm32l0xx_hal_flash_ramfunc.o(i.HAL_FLASHEx_HalfPageProgram), (84 bytes).
    Removing stm32l0xx_hal_flash.o(.rev16_text), (4 bytes).
    Removing stm32l0xx_hal_flash.o(.revsh_text), (4 bytes).
    Removing stm32l0xx_hal_flash.o(i.FLASH_SetErrorCode), (144 bytes).
    Removing stm32l0xx_hal_flash.o(i.FLASH_WaitForLastOperation), (112 bytes).
    Removing stm32l0xx_hal_flash.o(i.HAL_FLASH_EndOfOperationCallback), (2 bytes).
    Removing stm32l0xx_hal_flash.o(i.HAL_FLASH_GetError), (12 bytes).
    Removing stm32l0xx_hal_flash.o(i.HAL_FLASH_IRQHandler), (220 bytes).
    Removing stm32l0xx_hal_flash.o(i.HAL_FLASH_Lock), (20 bytes).
    Removing stm32l0xx_hal_flash.o(i.HAL_FLASH_OB_Launch), (32 bytes).
    Removing stm32l0xx_hal_flash.o(i.HAL_FLASH_OB_Lock), (20 bytes).
    Removing stm32l0xx_hal_flash.o(i.HAL_FLASH_OB_Unlock), (60 bytes).
    Removing stm32l0xx_hal_flash.o(i.HAL_FLASH_OperationErrorCallback), (2 bytes).
    Removing stm32l0xx_hal_flash.o(i.HAL_FLASH_Program), (60 bytes).
    Removing stm32l0xx_hal_flash.o(i.HAL_FLASH_Program_IT), (60 bytes).
    Removing stm32l0xx_hal_flash.o(i.HAL_FLASH_Unlock), (60 bytes).
    Removing stm32l0xx_hal_flash.o(.bss), (24 bytes).
    Removing stm32l0xx_hal_flash_ex.o(.rev16_text), (4 bytes).
    Removing stm32l0xx_hal_flash_ex.o(.revsh_text), (4 bytes).
    Removing stm32l0xx_hal_flash_ex.o(i.FLASH_OB_ProtectedSectorsConfig), (80 bytes).
    Removing stm32l0xx_hal_flash_ex.o(i.FLASH_PageErase), (44 bytes).
    Removing stm32l0xx_hal_flash_ex.o(i.HAL_FLASHEx_AdvOBGetConfig), (24 bytes).
    Removing stm32l0xx_hal_flash_ex.o(i.HAL_FLASHEx_AdvOBProgram), (24 bytes).
    Removing stm32l0xx_hal_flash_ex.o(i.HAL_FLASHEx_DATAEEPROM_DisableFixedTimeProgram), (16 bytes).
    Removing stm32l0xx_hal_flash_ex.o(i.HAL_FLASHEx_DATAEEPROM_EnableFixedTimeProgram), (16 bytes).
    Removing stm32l0xx_hal_flash_ex.o(i.HAL_FLASHEx_DATAEEPROM_Erase), (40 bytes).
    Removing stm32l0xx_hal_flash_ex.o(i.HAL_FLASHEx_DATAEEPROM_Lock), (20 bytes).
    Removing stm32l0xx_hal_flash_ex.o(i.HAL_FLASHEx_DATAEEPROM_Program), (84 bytes).
    Removing stm32l0xx_hal_flash_ex.o(i.HAL_FLASHEx_DATAEEPROM_Unlock), (36 bytes).
    Removing stm32l0xx_hal_flash_ex.o(i.HAL_FLASHEx_Erase), (120 bytes).
    Removing stm32l0xx_hal_flash_ex.o(i.HAL_FLASHEx_Erase_IT), (92 bytes).
    Removing stm32l0xx_hal_flash_ex.o(i.HAL_FLASHEx_OBGetConfig), (44 bytes).
    Removing stm32l0xx_hal_flash_ex.o(i.HAL_FLASHEx_OBProgram), (292 bytes).
    Removing stm32l0xx_hal_flash_ex.o(i.HAL_FLASHEx_OB_DeSelectPCROP), (52 bytes).
    Removing stm32l0xx_hal_flash_ex.o(i.HAL_FLASHEx_OB_SelectPCROP), (56 bytes).
    Removing stm32l0xx_hal_gpio.o(.rev16_text), (4 bytes).
    Removing stm32l0xx_hal_gpio.o(.revsh_text), (4 bytes).
    Removing stm32l0xx_hal_gpio.o(i.HAL_GPIO_DeInit), (200 bytes).
    Removing stm32l0xx_hal_gpio.o(i.HAL_GPIO_EXTI_Callback), (2 bytes).
    Removing stm32l0xx_hal_gpio.o(i.HAL_GPIO_EXTI_IRQHandler), (24 bytes).
    Removing stm32l0xx_hal_gpio.o(i.HAL_GPIO_LockPin), (36 bytes).
    Removing stm32l0xx_hal_gpio.o(i.HAL_GPIO_TogglePin), (8 bytes).
    Removing stm32l0xx_hal_dma.o(.rev16_text), (4 bytes).
    Removing stm32l0xx_hal_dma.o(.revsh_text), (4 bytes).
    Removing stm32l0xx_hal_dma.o(i.DMA_SetConfig), (30 bytes).
    Removing stm32l0xx_hal_dma.o(i.HAL_DMA_Abort), (76 bytes).
    Removing stm32l0xx_hal_dma.o(i.HAL_DMA_Abort_IT), (124 bytes).
    Removing stm32l0xx_hal_dma.o(i.HAL_DMA_DeInit), (328 bytes).
    Removing stm32l0xx_hal_dma.o(i.HAL_DMA_GetError), (4 bytes).
    Removing stm32l0xx_hal_dma.o(i.HAL_DMA_GetState), (6 bytes).
    Removing stm32l0xx_hal_dma.o(i.HAL_DMA_IRQHandler), (468 bytes).
    Removing stm32l0xx_hal_dma.o(i.HAL_DMA_Init), (216 bytes).
    Removing stm32l0xx_hal_dma.o(i.HAL_DMA_PollForTransfer), (452 bytes).
    Removing stm32l0xx_hal_dma.o(i.HAL_DMA_Start), (50 bytes).
    Removing stm32l0xx_hal_dma.o(i.HAL_DMA_Start_IT), (78 bytes).
    Removing stm32l0xx_hal_pwr.o(.rev16_text), (4 bytes).
    Removing stm32l0xx_hal_pwr.o(.revsh_text), (4 bytes).
    Removing stm32l0xx_hal_pwr.o(i.HAL_PWR_ConfigPVD), (104 bytes).
    Removing stm32l0xx_hal_pwr.o(i.HAL_PWR_DeInit), (24 bytes).
    Removing stm32l0xx_hal_pwr.o(i.HAL_PWR_DisableBkUpAccess), (16 bytes).
    Removing stm32l0xx_hal_pwr.o(i.HAL_PWR_DisablePVD), (16 bytes).
    Removing stm32l0xx_hal_pwr.o(i.HAL_PWR_DisableSEVOnPend), (16 bytes).
    Removing stm32l0xx_hal_pwr.o(i.HAL_PWR_DisableSleepOnExit), (16 bytes).
    Removing stm32l0xx_hal_pwr.o(i.HAL_PWR_DisableWakeUpPin), (16 bytes).
    Removing stm32l0xx_hal_pwr.o(i.HAL_PWR_EnableBkUpAccess), (16 bytes).
    Removing stm32l0xx_hal_pwr.o(i.HAL_PWR_EnablePVD), (16 bytes).
    Removing stm32l0xx_hal_pwr.o(i.HAL_PWR_EnableSEVOnPend), (16 bytes).
    Removing stm32l0xx_hal_pwr.o(i.HAL_PWR_EnableSleepOnExit), (16 bytes).
    Removing stm32l0xx_hal_pwr.o(i.HAL_PWR_EnableWakeUpPin), (16 bytes).
    Removing stm32l0xx_hal_pwr.o(i.HAL_PWR_EnterSLEEPMode), (48 bytes).
    Removing stm32l0xx_hal_pwr.o(i.HAL_PWR_EnterSTANDBYMode), (32 bytes).
    Removing stm32l0xx_hal_pwr.o(i.HAL_PWR_EnterSTOPMode), (52 bytes).
    Removing stm32l0xx_hal_pwr.o(i.HAL_PWR_PVDCallback), (2 bytes).
    Removing stm32l0xx_hal_pwr.o(i.HAL_PWR_PVD_IRQHandler), (28 bytes).
    Removing stm32l0xx_hal_pwr_ex.o(.rev16_text), (4 bytes).
    Removing stm32l0xx_hal_pwr_ex.o(.revsh_text), (4 bytes).
    Removing stm32l0xx_hal_pwr_ex.o(i.HAL_PWREx_DisableFastWakeUp), (16 bytes).
    Removing stm32l0xx_hal_pwr_ex.o(i.HAL_PWREx_DisableLowPowerRunMode), (76 bytes).
    Removing stm32l0xx_hal_pwr_ex.o(i.HAL_PWREx_DisableUltraLowPower), (16 bytes).
    Removing stm32l0xx_hal_pwr_ex.o(i.HAL_PWREx_EnableFastWakeUp), (16 bytes).
    Removing stm32l0xx_hal_pwr_ex.o(i.HAL_PWREx_EnableLowPowerRunMode), (24 bytes).
    Removing stm32l0xx_hal_pwr_ex.o(i.HAL_PWREx_EnableUltraLowPower), (16 bytes).
    Removing stm32l0xx_hal_pwr_ex.o(i.HAL_PWREx_GetVoltageRange), (16 bytes).
    Removing stm32l0xx_hal_cortex.o(.rev16_text), (4 bytes).
    Removing stm32l0xx_hal_cortex.o(.revsh_text), (4 bytes).
    Removing stm32l0xx_hal_cortex.o(i.HAL_NVIC_ClearPendingIRQ), (20 bytes).
    Removing stm32l0xx_hal_cortex.o(i.HAL_NVIC_DisableIRQ), (20 bytes).
    Removing stm32l0xx_hal_cortex.o(i.HAL_NVIC_GetPendingIRQ), (28 bytes).
    Removing stm32l0xx_hal_cortex.o(i.HAL_NVIC_GetPriority), (52 bytes).
    Removing stm32l0xx_hal_cortex.o(i.HAL_NVIC_SetPendingIRQ), (20 bytes).
    Removing stm32l0xx_hal_cortex.o(i.HAL_NVIC_SystemReset), (28 bytes).
    Removing system_stm32l0xx.o(.rev16_text), (4 bytes).
    Removing system_stm32l0xx.o(.revsh_text), (4 bytes).
    Removing system_stm32l0xx.o(i.SystemCoreClockUpdate), (136 bytes).

429 unused section(s) (total 28323 bytes) removed from the image.

==============================================================================

Image Symbol Table

    Local Symbols

    Symbol Name                              Value     Ov Type        Size  Object(Section)

    ..//Src/system_stm32l0xx.c               0x00000000   Number         0  system_stm32l0xx.o ABSOLUTE
    ../Drivers/STM32L0xx_HAL_Driver/Src/stm32l0xx_hal.c 0x00000000   Number         0  stm32l0xx_hal.o ABSOLUTE
    ../Drivers/STM32L0xx_HAL_Driver/Src/stm32l0xx_hal_cortex.c 0x00000000   Number         0  stm32l0xx_hal_cortex.o ABSOLUTE
    ../Drivers/STM32L0xx_HAL_Driver/Src/stm32l0xx_hal_dma.c 0x00000000   Number         0  stm32l0xx_hal_dma.o ABSOLUTE
    ../Drivers/STM32L0xx_HAL_Driver/Src/stm32l0xx_hal_flash.c 0x00000000   Number         0  stm32l0xx_hal_flash.o ABSOLUTE
    ../Drivers/STM32L0xx_HAL_Driver/Src/stm32l0xx_hal_flash_ex.c 0x00000000   Number         0  stm32l0xx_hal_flash_ex.o ABSOLUTE
    ../Drivers/STM32L0xx_HAL_Driver/Src/stm32l0xx_hal_flash_ramfunc.c 0x00000000   Number         0  stm32l0xx_hal_flash_ramfunc.o ABSOLUTE
    ../Drivers/STM32L0xx_HAL_Driver/Src/stm32l0xx_hal_gpio.c 0x00000000   Number         0  stm32l0xx_hal_gpio.o ABSOLUTE
    ../Drivers/STM32L0xx_HAL_Driver/Src/stm32l0xx_hal_i2c.c 0x00000000   Number         0  stm32l0xx_hal_i2c.o ABSOLUTE
    ../Drivers/STM32L0xx_HAL_Driver/Src/stm32l0xx_hal_i2c_ex.c 0x00000000   Number         0  stm32l0xx_hal_i2c_ex.o ABSOLUTE
    ../Drivers/STM32L0xx_HAL_Driver/Src/stm32l0xx_hal_pwr.c 0x00000000   Number         0  stm32l0xx_hal_pwr.o ABSOLUTE
    ../Drivers/STM32L0xx_HAL_Driver/Src/stm32l0xx_hal_pwr_ex.c 0x00000000   Number         0  stm32l0xx_hal_pwr_ex.o ABSOLUTE
    ../Drivers/STM32L0xx_HAL_Driver/Src/stm32l0xx_hal_rcc.c 0x00000000   Number         0  stm32l0xx_hal_rcc.o ABSOLUTE
    ../Drivers/STM32L0xx_HAL_Driver/Src/stm32l0xx_hal_rcc_ex.c 0x00000000   Number         0  stm32l0xx_hal_rcc_ex.o ABSOLUTE
    ../Drivers/STM32L0xx_HAL_Driver/Src/stm32l0xx_hal_spi.c 0x00000000   Number         0  stm32l0xx_hal_spi.o ABSOLUTE
    ../Drivers/STM32L0xx_HAL_Driver/Src/stm32l0xx_hal_tim.c 0x00000000   Number         0  stm32l0xx_hal_tim.o ABSOLUTE
    ../Drivers/STM32L0xx_HAL_Driver/Src/stm32l0xx_hal_tim_ex.c 0x00000000   Number         0  stm32l0xx_hal_tim_ex.o ABSOLUTE
    ../Drivers/STM32L0xx_HAL_Driver/Src/stm32l0xx_hal_uart.c 0x00000000   Number         0  stm32l0xx_hal_uart.o ABSOLUTE
    ../Drivers/STM32L0xx_HAL_Driver/Src/stm32l0xx_hal_uart_ex.c 0x00000000   Number         0  stm32l0xx_hal_uart_ex.o ABSOLUTE
    ../Src/main.c                            0x00000000   Number         0  main.o ABSOLUTE
    ../Src/stm32l0xx_hal_msp.c               0x00000000   Number         0  stm32l0xx_hal_msp.o ABSOLUTE
    ../Src/stm32l0xx_it.c                    0x00000000   Number         0  stm32l0xx_it.o ABSOLUTE
    ../clib/microlib/division.c              0x00000000   Number         0  ldiv.o ABSOLUTE
    ../clib/microlib/division.c              0x00000000   Number         0  uidiv.o ABSOLUTE
    ../clib/microlib/division.c              0x00000000   Number         0  uldiv.o ABSOLUTE
    ../clib/microlib/init/entry.s            0x00000000   Number         0  entry2.o ABSOLUTE
    ../clib/microlib/init/entry.s            0x00000000   Number         0  entry.o ABSOLUTE
    ../clib/microlib/init/entry.s            0x00000000   Number         0  entry9b.o ABSOLUTE
    ../clib/microlib/init/entry.s            0x00000000   Number         0  entry9a.o ABSOLUTE
    ../clib/microlib/init/entry.s            0x00000000   Number         0  entry11b.o ABSOLUTE
    ../clib/microlib/init/entry.s            0x00000000   Number         0  entry8b.o ABSOLUTE
    ../clib/microlib/init/entry.s            0x00000000   Number         0  entry11a.o ABSOLUTE
    ../clib/microlib/init/entry.s            0x00000000   Number         0  entry10b.o ABSOLUTE
    ../clib/microlib/init/entry.s            0x00000000   Number         0  entry8a.o ABSOLUTE
    ../clib/microlib/init/entry.s            0x00000000   Number         0  entry7b.o ABSOLUTE
    ../clib/microlib/init/entry.s            0x00000000   Number         0  entry7a.o ABSOLUTE
    ../clib/microlib/init/entry.s            0x00000000   Number         0  entry5.o ABSOLUTE
    ../clib/microlib/init/entry.s            0x00000000   Number         0  entry10a.o ABSOLUTE
    ../clib/microlib/longlong.c              0x00000000   Number         0  llsshr.o ABSOLUTE
    ../clib/microlib/longlong.c              0x00000000   Number         0  llushr.o ABSOLUTE
    ../clib/microlib/longlong.c              0x00000000   Number         0  llshl.o ABSOLUTE
    ../clib/microlib/longlong.c              0x00000000   Number         0  llmul.o ABSOLUTE
    ../clib/microlib/printf/printf.c         0x00000000   Number         0  printf5.o ABSOLUTE
    ../clib/microlib/printf/printf.c         0x00000000   Number         0  printf4.o ABSOLUTE
    ../clib/microlib/printf/printf.c         0x00000000   Number         0  printf3.o ABSOLUTE
    ../clib/microlib/printf/printf.c         0x00000000   Number         0  printf1.o ABSOLUTE
    ../clib/microlib/printf/printf.c         0x00000000   Number         0  printf2.o ABSOLUTE
    ../clib/microlib/printf/printf.c         0x00000000   Number         0  printf0.o ABSOLUTE
    ../clib/microlib/printf/printf.c         0x00000000   Number         0  printfb.o ABSOLUTE
    ../clib/microlib/printf/printf.c         0x00000000   Number         0  printfa.o ABSOLUTE
    ../clib/microlib/printf/printf.c         0x00000000   Number         0  printf8.o ABSOLUTE
    ../clib/microlib/printf/printf.c         0x00000000   Number         0  printf7.o ABSOLUTE
    ../clib/microlib/printf/printf.c         0x00000000   Number         0  printf6.o ABSOLUTE
    ../clib/microlib/printf/stubs.s          0x00000000   Number         0  stubs.o ABSOLUTE
    ../clib/microlib/stdio/fputc.c           0x00000000   Number         0  fputc.o ABSOLUTE
    ../clib/microlib/stdio/semi.s            0x00000000   Number         0  semi.o ABSOLUTE
    ../clib/microlib/stdio/streams.c         0x00000000   Number         0  stdout.o ABSOLUTE
    ../clib/microlib/string/memset.c         0x00000000   Number         0  memseta.o ABSOLUTE
    ../clib/microlib/stubs.s                 0x00000000   Number         0  iusefp.o ABSOLUTE
    ../clib/microlib/stubs.s                 0x00000000   Number         0  iusesemip.o ABSOLUTE
    ../fplib/microlib/f2d.c                  0x00000000   Number         0  f2d.o ABSOLUTE
    ../fplib/microlib/fpadd.c                0x00000000   Number         0  dadd.o ABSOLUTE
    ../fplib/microlib/fpdiv.c                0x00000000   Number         0  fdiv.o ABSOLUTE
    ../fplib/microlib/fpdiv.c                0x00000000   Number         0  ddiv.o ABSOLUTE
    ../fplib/microlib/fpepilogue.c           0x00000000   Number         0  fepilogue.o ABSOLUTE
    ../fplib/microlib/fpepilogue.c           0x00000000   Number         0  depilogue.o ABSOLUTE
    ../fplib/microlib/fpfix.c                0x00000000   Number         0  ffixui.o ABSOLUTE
    ../fplib/microlib/fpfix.c                0x00000000   Number         0  ffixi.o ABSOLUTE
    ../fplib/microlib/fpfix.c                0x00000000   Number         0  dfixul.o ABSOLUTE
    ../fplib/microlib/fpflt.c                0x00000000   Number         0  fflti.o ABSOLUTE
    ../fplib/microlib/fpflt.c                0x00000000   Number         0  ffltui.o ABSOLUTE
    ../fplib/microlib/fpmul.c                0x00000000   Number         0  dmul.o ABSOLUTE
    ../fplib/microlib/fpmul.c                0x00000000   Number         0  fmul.o ABSOLUTE
    ../fplib/microlib/fpscalb.c              0x00000000   Number         0  fscalb.o ABSOLUTE
    ..\Drivers\STM32L0xx_HAL_Driver\Src\stm32l0xx_hal.c 0x00000000   Number         0  stm32l0xx_hal.o ABSOLUTE
    ..\Drivers\STM32L0xx_HAL_Driver\Src\stm32l0xx_hal_cortex.c 0x00000000   Number         0  stm32l0xx_hal_cortex.o ABSOLUTE
    ..\Drivers\STM32L0xx_HAL_Driver\Src\stm32l0xx_hal_dma.c 0x00000000   Number         0  stm32l0xx_hal_dma.o ABSOLUTE
    ..\Drivers\STM32L0xx_HAL_Driver\Src\stm32l0xx_hal_flash.c 0x00000000   Number         0  stm32l0xx_hal_flash.o ABSOLUTE
    ..\Drivers\STM32L0xx_HAL_Driver\Src\stm32l0xx_hal_flash_ex.c 0x00000000   Number         0  stm32l0xx_hal_flash_ex.o ABSOLUTE
    ..\Drivers\STM32L0xx_HAL_Driver\Src\stm32l0xx_hal_flash_ramfunc.c 0x00000000   Number         0  stm32l0xx_hal_flash_ramfunc.o ABSOLUTE
    ..\Drivers\STM32L0xx_HAL_Driver\Src\stm32l0xx_hal_gpio.c 0x00000000   Number         0  stm32l0xx_hal_gpio.o ABSOLUTE
    ..\Drivers\STM32L0xx_HAL_Driver\Src\stm32l0xx_hal_i2c.c 0x00000000   Number         0  stm32l0xx_hal_i2c.o ABSOLUTE
    ..\Drivers\STM32L0xx_HAL_Driver\Src\stm32l0xx_hal_i2c_ex.c 0x00000000   Number         0  stm32l0xx_hal_i2c_ex.o ABSOLUTE
    ..\Drivers\STM32L0xx_HAL_Driver\Src\stm32l0xx_hal_pwr.c 0x00000000   Number         0  stm32l0xx_hal_pwr.o ABSOLUTE
    ..\Drivers\STM32L0xx_HAL_Driver\Src\stm32l0xx_hal_pwr_ex.c 0x00000000   Number         0  stm32l0xx_hal_pwr_ex.o ABSOLUTE
    ..\Drivers\STM32L0xx_HAL_Driver\Src\stm32l0xx_hal_rcc.c 0x00000000   Number         0  stm32l0xx_hal_rcc.o ABSOLUTE
    ..\Drivers\STM32L0xx_HAL_Driver\Src\stm32l0xx_hal_rcc_ex.c 0x00000000   Number         0  stm32l0xx_hal_rcc_ex.o ABSOLUTE
    ..\Drivers\STM32L0xx_HAL_Driver\Src\stm32l0xx_hal_spi.c 0x00000000   Number         0  stm32l0xx_hal_spi.o ABSOLUTE
    ..\Drivers\STM32L0xx_HAL_Driver\Src\stm32l0xx_hal_tim.c 0x00000000   Number         0  stm32l0xx_hal_tim.o ABSOLUTE
    ..\Drivers\STM32L0xx_HAL_Driver\Src\stm32l0xx_hal_tim_ex.c 0x00000000   Number         0  stm32l0xx_hal_tim_ex.o ABSOLUTE
    ..\Drivers\STM32L0xx_HAL_Driver\Src\stm32l0xx_hal_uart.c 0x00000000   Number         0  stm32l0xx_hal_uart.o ABSOLUTE
    ..\Drivers\STM32L0xx_HAL_Driver\Src\stm32l0xx_hal_uart_ex.c 0x00000000   Number         0  stm32l0xx_hal_uart_ex.o ABSOLUTE
    ..\Inc\BMP280\bmp280.c                   0x00000000   Number         0  bmp280.o ABSOLUTE
    ..\Inc\NRF\NRF24L01.c                    0x00000000   Number         0  nrf24l01.o ABSOLUTE
    ..\Src\main.c                            0x00000000   Number         0  main.o ABSOLUTE
    ..\Src\stm32l0xx_hal_msp.c               0x00000000   Number         0  stm32l0xx_hal_msp.o ABSOLUTE
    ..\Src\stm32l0xx_it.c                    0x00000000   Number         0  stm32l0xx_it.o ABSOLUTE
    ..\\Inc\\BMP280\\bmp280.c                0x00000000   Number         0  bmp280.o ABSOLUTE
    ..\\Inc\\NRF\\NRF24L01.c                 0x00000000   Number         0  nrf24l01.o ABSOLUTE
    ..\\Src\system_stm32l0xx.c               0x00000000   Number         0  system_stm32l0xx.o ABSOLUTE
    cdrcmple.s                               0x00000000   Number         0  cdrcmple.o ABSOLUTE
    dc.s                                     0x00000000   Number         0  dc.o ABSOLUTE
    handlers.s                               0x00000000   Number         0  handlers.o ABSOLUTE
    init.s                                   0x00000000   Number         0  init.o ABSOLUTE
    startup_stm32l011xx.s                    0x00000000   Number         0  startup_stm32l011xx.o ABSOLUTE
    RESET                                    0x08000000   Section      192  startup_stm32l011xx.o(RESET)
    .ARM.Collect$$$$00000000                 0x080000c0   Section        0  entry.o(.ARM.Collect$$$$00000000)
    .ARM.Collect$$$$00000001                 0x080000c0   Section        4  entry2.o(.ARM.Collect$$$$00000001)
    .ARM.Collect$$$$00000004                 0x080000c4   Section        4  entry5.o(.ARM.Collect$$$$00000004)
    .ARM.Collect$$$$00000008                 0x080000c8   Section        0  entry7b.o(.ARM.Collect$$$$00000008)
    .ARM.Collect$$$$0000000A                 0x080000c8   Section        0  entry8b.o(.ARM.Collect$$$$0000000A)
    .ARM.Collect$$$$0000000B                 0x080000c8   Section        8  entry9a.o(.ARM.Collect$$$$0000000B)
    .ARM.Collect$$$$0000000D                 0x080000d0   Section        0  entry10a.o(.ARM.Collect$$$$0000000D)
    .ARM.Collect$$$$0000000F                 0x080000d0   Section        0  entry11a.o(.ARM.Collect$$$$0000000F)
    .ARM.Collect$$$$00002712                 0x080000d0   Section        4  entry2.o(.ARM.Collect$$$$00002712)
    __lit__00000000                          0x080000d0   Data           4  entry2.o(.ARM.Collect$$$$00002712)
    .text                                    0x080000d4   Section       88  startup_stm32l011xx.o(.text)
    .text                                    0x0800012c   Section        0  uidiv.o(.text)
    .text                                    0x08000158   Section        0  uldiv.o(.text)
    .text                                    0x080001b8   Section        0  ldiv.o(.text)
    .text                                    0x08000204   Section        0  llmul.o(.text)
    .text                                    0x0800027e   Section        0  fmul.o(.text)
    .text                                    0x080002f8   Section        0  fdiv.o(.text)
    .text                                    0x08000374   Section        0  fscalb.o(.text)
    .text                                    0x0800038c   Section        0  fflti.o(.text)
    .text                                    0x080003a2   Section        0  ffltui.o(.text)
    .text                                    0x080003b0   Section        0  ffixi.o(.text)
    .text                                    0x080003e2   Section        0  ffixui.o(.text)
    .text                                    0x0800040a   Section        0  f2d.o(.text)
    .text                                    0x08000432   Section        0  llshl.o(.text)
    .text                                    0x08000452   Section        0  llushr.o(.text)
    .text                                    0x08000474   Section        0  fepilogue.o(.text)
    .text                                    0x08000474   Section        0  iusefp.o(.text)
    .text                                    0x080004f8   Section        0  dadd.o(.text)
    .text                                    0x0800065c   Section        0  dmul.o(.text)
    .text                                    0x0800072c   Section        0  ddiv.o(.text)
    .text                                    0x0800081c   Section        0  dfixul.o(.text)
    .text                                    0x0800085c   Section       40  cdrcmple.o(.text)
    .text                                    0x08000884   Section       36  init.o(.text)
    .text                                    0x080008a8   Section        0  llsshr.o(.text)
    .text                                    0x080008ce   Section        0  depilogue.o(.text)
    i.Conf_NRF_Rx                            0x0800098c   Section        0  nrf24l01.o(i.Conf_NRF_Rx)
    i.Conf_NRF_Tx                            0x08000a20   Section        0  nrf24l01.o(i.Conf_NRF_Tx)
    i.DelayMicro                             0x08000ab8   Section        0  nrf24l01.o(i.DelayMicro)
    DelayMicro                               0x08000ab9   Thumb Code    30  nrf24l01.o(i.DelayMicro)
    i.HAL_Delay                              0x08000ae0   Section        0  stm32l0xx_hal.o(i.HAL_Delay)
    i.HAL_GPIO_Init                          0x08000af8   Section        0  stm32l0xx_hal_gpio.o(i.HAL_GPIO_Init)
    i.HAL_GPIO_ReadPin                       0x08000c54   Section        0  stm32l0xx_hal_gpio.o(i.HAL_GPIO_ReadPin)
    i.HAL_GPIO_WritePin                      0x08000c5e   Section        0  stm32l0xx_hal_gpio.o(i.HAL_GPIO_WritePin)
    i.HAL_GetTick                            0x08000c6c   Section        0  stm32l0xx_hal.o(i.HAL_GetTick)
    i.HAL_I2CEx_ConfigAnalogFilter           0x08000c78   Section        0  stm32l0xx_hal_i2c_ex.o(i.HAL_I2CEx_ConfigAnalogFilter)
    i.HAL_I2CEx_ConfigDigitalFilter          0x08000cc2   Section        0  stm32l0xx_hal_i2c_ex.o(i.HAL_I2CEx_ConfigDigitalFilter)
    i.HAL_I2C_Init                           0x08000d0c   Section        0  stm32l0xx_hal_i2c.o(i.HAL_I2C_Init)
    i.HAL_I2C_Mem_Read                       0x08000dc0   Section        0  stm32l0xx_hal_i2c.o(i.HAL_I2C_Mem_Read)
    i.HAL_I2C_Mem_Write                      0x08000f1c   Section        0  stm32l0xx_hal_i2c.o(i.HAL_I2C_Mem_Write)
    i.HAL_I2C_MspInit                        0x08001070   Section        0  stm32l0xx_hal_msp.o(i.HAL_I2C_MspInit)
    i.HAL_IncTick                            0x080010b4   Section        0  stm32l0xx_hal.o(i.HAL_IncTick)
    i.HAL_Init                               0x080010c4   Section        0  stm32l0xx_hal.o(i.HAL_Init)
    i.HAL_InitTick                           0x080010e4   Section        0  stm32l0xx_hal.o(i.HAL_InitTick)
    i.HAL_MspInit                            0x0800110c   Section        0  stm32l0xx_hal_msp.o(i.HAL_MspInit)
    i.HAL_NVIC_EnableIRQ                     0x08001144   Section        0  stm32l0xx_hal_cortex.o(i.HAL_NVIC_EnableIRQ)
    i.HAL_NVIC_SetPriority                   0x08001158   Section        0  stm32l0xx_hal_cortex.o(i.HAL_NVIC_SetPriority)
    i.HAL_RCCEx_GetPeriphCLKFreq             0x08001160   Section        0  stm32l0xx_hal_rcc_ex.o(i.HAL_RCCEx_GetPeriphCLKFreq)
    i.HAL_RCC_ClockConfig                    0x08001264   Section        0  stm32l0xx_hal_rcc.o(i.HAL_RCC_ClockConfig)
    i.HAL_RCC_GetHCLKFreq                    0x080013cc   Section        0  stm32l0xx_hal_rcc.o(i.HAL_RCC_GetHCLKFreq)
    i.HAL_RCC_GetPCLK1Freq                   0x080013d8   Section        0  stm32l0xx_hal_rcc.o(i.HAL_RCC_GetPCLK1Freq)
    i.HAL_RCC_GetPCLK2Freq                   0x080013f8   Section        0  stm32l0xx_hal_rcc.o(i.HAL_RCC_GetPCLK2Freq)
    i.HAL_RCC_GetSysClockFreq                0x08001418   Section        0  stm32l0xx_hal_rcc.o(i.HAL_RCC_GetSysClockFreq)
    i.HAL_RCC_OscConfig                      0x08001490   Section        0  stm32l0xx_hal_rcc.o(i.HAL_RCC_OscConfig)
    i.HAL_SPI_Init                           0x0800187c   Section        0  stm32l0xx_hal_spi.o(i.HAL_SPI_Init)
    i.HAL_SPI_MspInit                        0x080018f8   Section        0  stm32l0xx_hal_msp.o(i.HAL_SPI_MspInit)
    i.HAL_SPI_TransmitReceive                0x08001938   Section        0  stm32l0xx_hal_spi.o(i.HAL_SPI_TransmitReceive)
    i.HAL_SYSTICK_CLKSourceConfig            0x08001bf0   Section        0  stm32l0xx_hal_cortex.o(i.HAL_SYSTICK_CLKSourceConfig)
    i.HAL_SYSTICK_Callback                   0x08001c08   Section        0  stm32l0xx_hal_cortex.o(i.HAL_SYSTICK_Callback)
    i.HAL_SYSTICK_Config                     0x08001c0c   Section        0  stm32l0xx_hal_cortex.o(i.HAL_SYSTICK_Config)
    i.HAL_SYSTICK_IRQHandler                 0x08001c3c   Section        0  stm32l0xx_hal_cortex.o(i.HAL_SYSTICK_IRQHandler)
    i.HAL_TIMEx_MasterConfigSynchronization  0x08001c44   Section        0  stm32l0xx_hal_tim_ex.o(i.HAL_TIMEx_MasterConfigSynchronization)
    i.HAL_TIM_Base_Init                      0x08001c8c   Section        0  stm32l0xx_hal_tim.o(i.HAL_TIM_Base_Init)
    i.HAL_TIM_Base_MspInit                   0x08001cc0   Section        0  stm32l0xx_hal_msp.o(i.HAL_TIM_Base_MspInit)
    i.HAL_TIM_Base_Start                     0x08001cdc   Section        0  stm32l0xx_hal_tim.o(i.HAL_TIM_Base_Start)
    i.HAL_TIM_Base_Start_IT                  0x08001cf4   Section        0  stm32l0xx_hal_tim.o(i.HAL_TIM_Base_Start_IT)
    i.HAL_TIM_ConfigClockSource              0x08001d0a   Section        0  stm32l0xx_hal_tim.o(i.HAL_TIM_ConfigClockSource)
    i.HAL_TIM_IC_CaptureCallback             0x08001df8   Section        0  stm32l0xx_hal_tim.o(i.HAL_TIM_IC_CaptureCallback)
    i.HAL_TIM_IRQHandler                     0x08001dfa   Section        0  stm32l0xx_hal_tim.o(i.HAL_TIM_IRQHandler)
    i.HAL_TIM_OC_DelayElapsedCallback        0x08001f20   Section        0  stm32l0xx_hal_tim.o(i.HAL_TIM_OC_DelayElapsedCallback)
    i.HAL_TIM_PWM_PulseFinishedCallback      0x08001f22   Section        0  stm32l0xx_hal_tim.o(i.HAL_TIM_PWM_PulseFinishedCallback)
    i.HAL_TIM_PeriodElapsedCallback          0x08001f24   Section        0  stm32l0xx_hal_tim.o(i.HAL_TIM_PeriodElapsedCallback)
    i.HAL_TIM_TriggerCallback                0x08001f26   Section        0  stm32l0xx_hal_tim.o(i.HAL_TIM_TriggerCallback)
    i.HAL_UART_Init                          0x08001f28   Section        0  stm32l0xx_hal_uart.o(i.HAL_UART_Init)
    i.HAL_UART_MspInit                       0x08001f94   Section        0  stm32l0xx_hal_msp.o(i.HAL_UART_MspInit)
    i.HAL_UART_Transmit                      0x08001fe4   Section        0  stm32l0xx_hal_uart.o(i.HAL_UART_Transmit)
    i.HardFault_Handler                      0x080020ac   Section        0  stm32l0xx_it.o(i.HardFault_Handler)
    i.I2C_Flush_TXDR                         0x080020ae   Section        0  stm32l0xx_hal_i2c.o(i.I2C_Flush_TXDR)
    I2C_Flush_TXDR                           0x080020af   Thumb Code    34  stm32l0xx_hal_i2c.o(i.I2C_Flush_TXDR)
    i.I2C_IsAcknowledgeFailed                0x080020d0   Section        0  stm32l0xx_hal_i2c.o(i.I2C_IsAcknowledgeFailed)
    I2C_IsAcknowledgeFailed                  0x080020d1   Thumb Code   110  stm32l0xx_hal_i2c.o(i.I2C_IsAcknowledgeFailed)
    i.I2C_RequestMemoryRead                  0x08002144   Section        0  stm32l0xx_hal_i2c.o(i.I2C_RequestMemoryRead)
    I2C_RequestMemoryRead                    0x08002145   Thumb Code   104  stm32l0xx_hal_i2c.o(i.I2C_RequestMemoryRead)
    i.I2C_RequestMemoryWrite                 0x080021b0   Section        0  stm32l0xx_hal_i2c.o(i.I2C_RequestMemoryWrite)
    I2C_RequestMemoryWrite                   0x080021b1   Thumb Code   104  stm32l0xx_hal_i2c.o(i.I2C_RequestMemoryWrite)
    i.I2C_TransferConfig                     0x0800221c   Section        0  stm32l0xx_hal_i2c.o(i.I2C_TransferConfig)
    I2C_TransferConfig                       0x0800221d   Thumb Code    34  stm32l0xx_hal_i2c.o(i.I2C_TransferConfig)
    i.I2C_WaitOnFlagUntilTimeout             0x08002244   Section        0  stm32l0xx_hal_i2c.o(i.I2C_WaitOnFlagUntilTimeout)
    I2C_WaitOnFlagUntilTimeout               0x08002245   Thumb Code    72  stm32l0xx_hal_i2c.o(i.I2C_WaitOnFlagUntilTimeout)
    i.I2C_WaitOnSTOPFlagUntilTimeout         0x0800228c   Section        0  stm32l0xx_hal_i2c.o(i.I2C_WaitOnSTOPFlagUntilTimeout)
    I2C_WaitOnSTOPFlagUntilTimeout           0x0800228d   Thumb Code    78  stm32l0xx_hal_i2c.o(i.I2C_WaitOnSTOPFlagUntilTimeout)
    i.I2C_WaitOnTXISFlagUntilTimeout         0x080022da   Section        0  stm32l0xx_hal_i2c.o(i.I2C_WaitOnTXISFlagUntilTimeout)
    I2C_WaitOnTXISFlagUntilTimeout           0x080022db   Thumb Code    82  stm32l0xx_hal_i2c.o(i.I2C_WaitOnTXISFlagUntilTimeout)
    i.IRQ_is_interrupt                       0x0800232c   Section        0  nrf24l01.o(i.IRQ_is_interrupt)
    i.MX_GPIO_Init                           0x08002344   Section        0  main.o(i.MX_GPIO_Init)
    MX_GPIO_Init                             0x08002345   Thumb Code   106  main.o(i.MX_GPIO_Init)
    i.MX_I2C1_Init                           0x080023b8   Section        0  main.o(i.MX_I2C1_Init)
    MX_I2C1_Init                             0x080023b9   Thumb Code    72  main.o(i.MX_I2C1_Init)
    i.MX_SPI1_Init                           0x08002408   Section        0  main.o(i.MX_SPI1_Init)
    MX_SPI1_Init                             0x08002409   Thumb Code    56  main.o(i.MX_SPI1_Init)
    i.MX_TIM2_Init                           0x08002448   Section        0  main.o(i.MX_TIM2_Init)
    MX_TIM2_Init                             0x08002449   Thumb Code    80  main.o(i.MX_TIM2_Init)
    i.MX_USART2_UART_Init                    0x0800249c   Section        0  main.o(i.MX_USART2_UART_Init)
    MX_USART2_UART_Init                      0x0800249d   Thumb Code    46  main.o(i.MX_USART2_UART_Init)
    i.NMI_Handler                            0x080024d4   Section        0  stm32l0xx_it.o(i.NMI_Handler)
    i.NRF_cmd                                0x080024d6   Section        0  nrf24l01.o(i.NRF_cmd)
    i.NRF_readreg                            0x080024fe   Section        0  nrf24l01.o(i.NRF_readreg)
    i.NRF_write_buf                          0x0800252e   Section        0  nrf24l01.o(i.NRF_write_buf)
    i.NRF_writereg                           0x0800256e   Section        0  nrf24l01.o(i.NRF_writereg)
    i.NRF_writereg_buf                       0x080025a2   Section        0  nrf24l01.o(i.NRF_writereg_buf)
    i.NVIC_SetPriority                       0x080025b0   Section        0  stm32l0xx_hal_cortex.o(i.NVIC_SetPriority)
    NVIC_SetPriority                         0x080025b1   Thumb Code    60  stm32l0xx_hal_cortex.o(i.NVIC_SetPriority)
    i.PendSV_Handler                         0x080025f4   Section        0  stm32l0xx_it.o(i.PendSV_Handler)
    i.RCC_SetFlashLatencyFromMSIRange        0x080025f8   Section        0  stm32l0xx_hal_rcc.o(i.RCC_SetFlashLatencyFromMSIRange)
    RCC_SetFlashLatencyFromMSIRange          0x080025f9   Thumb Code    94  stm32l0xx_hal_rcc.o(i.RCC_SetFlashLatencyFromMSIRange)
    i.SPI_WaitOnFlagUntilTimeout             0x08002668   Section        0  stm32l0xx_hal_spi.o(i.SPI_WaitOnFlagUntilTimeout)
    SPI_WaitOnFlagUntilTimeout               0x08002669   Thumb Code   178  stm32l0xx_hal_spi.o(i.SPI_WaitOnFlagUntilTimeout)
    i.SPIx_Transfer                          0x0800271c   Section        0  nrf24l01.o(i.SPIx_Transfer)
    i.SVC_Handler                            0x0800273c   Section        0  stm32l0xx_it.o(i.SVC_Handler)
    i.SysTick_Handler                        0x0800273e   Section        0  stm32l0xx_it.o(i.SysTick_Handler)
    i.SystemClock_Config                     0x0800274c   Section        0  main.o(i.SystemClock_Config)
    i.SystemInit                             0x080027c4   Section        0  system_stm32l0xx.o(i.SystemInit)
    i.TIM2_IRQHandler                        0x08002818   Section        0  main.o(i.TIM2_IRQHandler)
    i.TIM_Base_SetConfig                     0x08002838   Section        0  stm32l0xx_hal_tim.o(i.TIM_Base_SetConfig)
    TIM_Base_SetConfig                       0x08002839   Thumb Code    60  stm32l0xx_hal_tim.o(i.TIM_Base_SetConfig)
    i.TIM_ETR_SetConfig                      0x08002878   Section        0  stm32l0xx_hal_tim.o(i.TIM_ETR_SetConfig)
    TIM_ETR_SetConfig                        0x08002879   Thumb Code    22  stm32l0xx_hal_tim.o(i.TIM_ETR_SetConfig)
    i.TIM_ITRx_SetConfig                     0x0800288e   Section        0  stm32l0xx_hal_tim.o(i.TIM_ITRx_SetConfig)
    TIM_ITRx_SetConfig                       0x0800288f   Thumb Code    16  stm32l0xx_hal_tim.o(i.TIM_ITRx_SetConfig)
    i.TIM_TI1_ConfigInputStage               0x0800289e   Section        0  stm32l0xx_hal_tim.o(i.TIM_TI1_ConfigInputStage)
    TIM_TI1_ConfigInputStage                 0x0800289f   Thumb Code    34  stm32l0xx_hal_tim.o(i.TIM_TI1_ConfigInputStage)
    i.TIM_TI2_ConfigInputStage               0x080028c0   Section        0  stm32l0xx_hal_tim.o(i.TIM_TI2_ConfigInputStage)
    TIM_TI2_ConfigInputStage                 0x080028c1   Thumb Code    38  stm32l0xx_hal_tim.o(i.TIM_TI2_ConfigInputStage)
    i.UART_AdvFeatureConfig                  0x080028e6   Section        0  stm32l0xx_hal_uart.o(i.UART_AdvFeatureConfig)
    i.UART_CheckIdleState                    0x080029b0   Section        0  stm32l0xx_hal_uart.o(i.UART_CheckIdleState)
    i.UART_SetConfig                         0x08002a10   Section        0  stm32l0xx_hal_uart.o(i.UART_SetConfig)
    i.UART_WaitOnFlagUntilTimeout            0x08002c08   Section        0  stm32l0xx_hal_uart.o(i.UART_WaitOnFlagUntilTimeout)
    i.__0sprintf                             0x08002c6c   Section        0  printfa.o(i.__0sprintf)
    i.__ARM_clz                              0x08002c94   Section        0  depilogue.o(i.__ARM_clz)
    i.__ARM_common_switch8                   0x08002cc2   Section        0  stm32l0xx_hal_tim.o(i.__ARM_common_switch8)
    i.__scatterload_copy                     0x08002cdc   Section       14  handlers.o(i.__scatterload_copy)
    i.__scatterload_null                     0x08002cea   Section        2  handlers.o(i.__scatterload_null)
    i.__scatterload_zeroinit                 0x08002cec   Section       14  handlers.o(i.__scatterload_zeroinit)
    i._fp_digits                             0x08002cfc   Section        0  printfa.o(i._fp_digits)
    _fp_digits                               0x08002cfd   Thumb Code   344  printfa.o(i._fp_digits)
    i._printf_core                           0x08002e70   Section        0  printfa.o(i._printf_core)
    _printf_core                             0x08002e71   Thumb Code  1754  printfa.o(i._printf_core)
    i._printf_post_padding                   0x0800355c   Section        0  printfa.o(i._printf_post_padding)
    _printf_post_padding                     0x0800355d   Thumb Code    32  printfa.o(i._printf_post_padding)
    i._printf_pre_padding                    0x0800357c   Section        0  printfa.o(i._printf_pre_padding)
    _printf_pre_padding                      0x0800357d   Thumb Code    44  printfa.o(i._printf_pre_padding)
    i._sputc                                 0x080035a8   Section        0  printfa.o(i._sputc)
    _sputc                                   0x080035a9   Thumb Code    10  printfa.o(i._sputc)
    i.bmp280_init                            0x080035b2   Section        0  bmp280.o(i.bmp280_init)
    i.bmp280_init_default_params             0x0800367e   Section        0  bmp280.o(i.bmp280_init_default_params)
    i.bmp280_read_fixed                      0x08003690   Section        0  bmp280.o(i.bmp280_read_fixed)
    i.bmp280_read_float                      0x080037a4   Section        0  bmp280.o(i.bmp280_read_float)
    i.compensate_pressure                    0x08003804   Section        0  bmp280.o(i.compensate_pressure)
    compensate_pressure                      0x08003805   Thumb Code   312  bmp280.o(i.compensate_pressure)
    i.main                                   0x08003944   Section        0  main.o(i.main)
    i.read_calibration_data                  0x08003c88   Section        0  bmp280.o(i.read_calibration_data)
    read_calibration_data                    0x08003c89   Thumb Code   194  bmp280.o(i.read_calibration_data)
    i.read_data                              0x08003d4c   Section        0  bmp280.o(i.read_data)
    read_data                                0x08003d4d   Thumb Code    36  bmp280.o(i.read_data)
    i.read_hum_calibration_data              0x08003d74   Section        0  bmp280.o(i.read_hum_calibration_data)
    read_hum_calibration_data                0x08003d75   Thumb Code   132  bmp280.o(i.read_hum_calibration_data)
    i.read_register16                        0x08003df8   Section        0  bmp280.o(i.read_register16)
    read_register16                          0x08003df9   Thumb Code    54  bmp280.o(i.read_register16)
    i.send_data_NRF                          0x08003e34   Section        0  nrf24l01.o(i.send_data_NRF)
    i.write_register8                        0x08003f10   Section        0  bmp280.o(i.write_register8)
    write_register8                          0x08003f11   Thumb Code    42  bmp280.o(i.write_register8)
    .constdata                               0x08003f40   Section       25  system_stm32l0xx.o(.constdata)
    .constdata                               0x08003f59   Section        8  system_stm32l0xx.o(.constdata)
    .data                                    0x20000000   Section       30  main.o(.data)
    .data                                    0x2000001e   Section       10  nrf24l01.o(.data)
    .data                                    0x20000028   Section        4  stm32l0xx_hal.o(.data)
    .data                                    0x2000002c   Section        4  system_stm32l0xx.o(.data)
    .bss                                     0x20000030   Section      512  main.o(.bss)
    STACK                                    0x20000230   Section     1024  startup_stm32l011xx.o(STACK)

    Global Symbols

    Symbol Name                              Value     Ov Type        Size  Object(Section)

    BuildAttributes$$THM_ISAv3M$S$PE$A:L22$X:L11$S22$IEEE1$IW$USESV6$~STKCKD$USESV7$~SHL$OTIME$ROPI$EBA8$MICROLIB$REQ8$PRES8$EABIv2 0x00000000   Number         0  anon$$obj.o ABSOLUTE
    __ARM_use_no_argv                        0x00000000   Number         0  main.o ABSOLUTE
    _printf_a                                0x00000000   Number         0  stubs.o ABSOLUTE
    _printf_c                                0x00000000   Number         0  stubs.o ABSOLUTE
    _printf_charcount                        0x00000000   Number         0  stubs.o ABSOLUTE
    _printf_d                                0x00000000   Number         0  stubs.o ABSOLUTE
    _printf_e                                0x00000000   Number         0  stubs.o ABSOLUTE
    _printf_f                                0x00000000   Number         0  stubs.o ABSOLUTE
    _printf_flags                            0x00000000   Number         0  stubs.o ABSOLUTE
    _printf_fp_dec                           0x00000000   Number         0  stubs.o ABSOLUTE
    _printf_fp_hex                           0x00000000   Number         0  stubs.o ABSOLUTE
    _printf_g                                0x00000000   Number         0  stubs.o ABSOLUTE
    _printf_i                                0x00000000   Number         0  stubs.o ABSOLUTE
    _printf_int_dec                          0x00000000   Number         0  stubs.o ABSOLUTE
    _printf_l                                0x00000000   Number         0  stubs.o ABSOLUTE
    _printf_lc                               0x00000000   Number         0  stubs.o ABSOLUTE
    _printf_ll                               0x00000000   Number         0  stubs.o ABSOLUTE
    _printf_lld                              0x00000000   Number         0  stubs.o ABSOLUTE
    _printf_lli                              0x00000000   Number         0  stubs.o ABSOLUTE
    _printf_llo                              0x00000000   Number         0  stubs.o ABSOLUTE
    _printf_llu                              0x00000000   Number         0  stubs.o ABSOLUTE
    _printf_llx                              0x00000000   Number         0  stubs.o ABSOLUTE
    _printf_longlong_dec                     0x00000000   Number         0  stubs.o ABSOLUTE
    _printf_longlong_hex                     0x00000000   Number         0  stubs.o ABSOLUTE
    _printf_longlong_oct                     0x00000000   Number         0  stubs.o ABSOLUTE
    _printf_ls                               0x00000000   Number         0  stubs.o ABSOLUTE
    _printf_mbtowc                           0x00000000   Number         0  stubs.o ABSOLUTE
    _printf_n                                0x00000000   Number         0  stubs.o ABSOLUTE
    _printf_o                                0x00000000   Number         0  stubs.o ABSOLUTE
    _printf_p                                0x00000000   Number         0  stubs.o ABSOLUTE
    _printf_percent                          0x00000000   Number         0  stubs.o ABSOLUTE
    _printf_pre_padding                      0x00000000   Number         0  stubs.o ABSOLUTE
    _printf_return_value                     0x00000000   Number         0  stubs.o ABSOLUTE
    _printf_s                                0x00000000   Number         0  stubs.o ABSOLUTE
    _printf_sizespec                         0x00000000   Number         0  stubs.o ABSOLUTE
    _printf_str                              0x00000000   Number         0  stubs.o ABSOLUTE
    _printf_truncate_signed                  0x00000000   Number         0  stubs.o ABSOLUTE
    _printf_truncate_unsigned                0x00000000   Number         0  stubs.o ABSOLUTE
    _printf_u                                0x00000000   Number         0  stubs.o ABSOLUTE
    _printf_wc                               0x00000000   Number         0  stubs.o ABSOLUTE
    _printf_wctomb                           0x00000000   Number         0  stubs.o ABSOLUTE
    _printf_widthprec                        0x00000000   Number         0  stubs.o ABSOLUTE
    _printf_x                                0x00000000   Number         0  stubs.o ABSOLUTE
    __cpp_initialize__aeabi_                  - Undefined Weak Reference
    __cxa_finalize                            - Undefined Weak Reference
    __decompress                              - Undefined Weak Reference
    _clock_init                               - Undefined Weak Reference
    _microlib_exit                            - Undefined Weak Reference
    __Vectors_Size                           0x000000c0   Number         0  startup_stm32l011xx.o ABSOLUTE
    __Vectors                                0x08000000   Data           4  startup_stm32l011xx.o(RESET)
    __Vectors_End                            0x080000c0   Data           0  startup_stm32l011xx.o(RESET)
    __main                                   0x080000c1   Thumb Code     0  entry.o(.ARM.Collect$$$$00000000)
    _main_stk                                0x080000c1   Thumb Code     0  entry2.o(.ARM.Collect$$$$00000001)
    _main_scatterload                        0x080000c5   Thumb Code     0  entry5.o(.ARM.Collect$$$$00000004)
    __main_after_scatterload                 0x080000c9   Thumb Code     0  entry5.o(.ARM.Collect$$$$00000004)
    _main_clock                              0x080000c9   Thumb Code     0  entry7b.o(.ARM.Collect$$$$00000008)
    _main_cpp_init                           0x080000c9   Thumb Code     0  entry8b.o(.ARM.Collect$$$$0000000A)
    _main_init                               0x080000c9   Thumb Code     0  entry9a.o(.ARM.Collect$$$$0000000B)
    __rt_final_cpp                           0x080000d1   Thumb Code     0  entry10a.o(.ARM.Collect$$$$0000000D)
    __rt_final_exit                          0x080000d1   Thumb Code     0  entry11a.o(.ARM.Collect$$$$0000000F)
    Reset_Handler                            0x080000d5   Thumb Code    38  startup_stm32l011xx.o(.text)
    ADC1_COMP_IRQHandler                     0x08000105   Thumb Code     0  startup_stm32l011xx.o(.text)
    DMA1_Channel1_IRQHandler                 0x08000105   Thumb Code     0  startup_stm32l011xx.o(.text)
    DMA1_Channel2_3_IRQHandler               0x08000105   Thumb Code     0  startup_stm32l011xx.o(.text)
    DMA1_Channel4_5_6_7_IRQHandler           0x08000105   Thumb Code     0  startup_stm32l011xx.o(.text)
    EXTI0_1_IRQHandler                       0x08000105   Thumb Code     0  startup_stm32l011xx.o(.text)
    EXTI2_3_IRQHandler                       0x08000105   Thumb Code     0  startup_stm32l011xx.o(.text)
    EXTI4_15_IRQHandler                      0x08000105   Thumb Code     0  startup_stm32l011xx.o(.text)
    FLASH_IRQHandler                         0x08000105   Thumb Code     0  startup_stm32l011xx.o(.text)
    I2C1_IRQHandler                          0x08000105   Thumb Code     0  startup_stm32l011xx.o(.text)
    LPTIM1_IRQHandler                        0x08000105   Thumb Code     0  startup_stm32l011xx.o(.text)
    LPUART1_IRQHandler                       0x08000105   Thumb Code     0  startup_stm32l011xx.o(.text)
    PVD_IRQHandler                           0x08000105   Thumb Code     0  startup_stm32l011xx.o(.text)
    RCC_IRQHandler                           0x08000105   Thumb Code     0  startup_stm32l011xx.o(.text)
    RTC_IRQHandler                           0x08000105   Thumb Code     0  startup_stm32l011xx.o(.text)
    SPI1_IRQHandler                          0x08000105   Thumb Code     0  startup_stm32l011xx.o(.text)
    TIM21_IRQHandler                         0x08000105   Thumb Code     0  startup_stm32l011xx.o(.text)
    USART2_IRQHandler                        0x08000105   Thumb Code     0  startup_stm32l011xx.o(.text)
    WWDG_IRQHandler                          0x08000105   Thumb Code     0  startup_stm32l011xx.o(.text)
    __aeabi_uidiv                            0x0800012d   Thumb Code     0  uidiv.o(.text)
    __aeabi_uidivmod                         0x0800012d   Thumb Code    44  uidiv.o(.text)
    __aeabi_uldivmod                         0x08000159   Thumb Code    96  uldiv.o(.text)
    __aeabi_ldivmod                          0x080001b9   Thumb Code    76  ldiv.o(.text)
    __aeabi_lmul                             0x08000205   Thumb Code   122  llmul.o(.text)
    _ll_mul                                  0x08000205   Thumb Code     0  llmul.o(.text)
    __aeabi_fmul                             0x0800027f   Thumb Code   122  fmul.o(.text)
    __aeabi_fdiv                             0x080002f9   Thumb Code   124  fdiv.o(.text)
    __ARM_scalbnf                            0x08000375   Thumb Code    24  fscalb.o(.text)
    scalbnf                                  0x08000375   Thumb Code     0  fscalb.o(.text)
    __aeabi_i2f                              0x0800038d   Thumb Code    22  fflti.o(.text)
    __aeabi_ui2f                             0x080003a3   Thumb Code    14  ffltui.o(.text)
    __aeabi_f2iz                             0x080003b1   Thumb Code    50  ffixi.o(.text)
    __aeabi_f2uiz                            0x080003e3   Thumb Code    40  ffixui.o(.text)
    __aeabi_f2d                              0x0800040b   Thumb Code    40  f2d.o(.text)
    __aeabi_llsl                             0x08000433   Thumb Code    32  llshl.o(.text)
    _ll_shift_l                              0x08000433   Thumb Code     0  llshl.o(.text)
    __aeabi_llsr                             0x08000453   Thumb Code    34  llushr.o(.text)
    _ll_ushift_r                             0x08000453   Thumb Code     0  llushr.o(.text)
    __I$use$fp                               0x08000475   Thumb Code     0  iusefp.o(.text)
    _float_round                             0x08000475   Thumb Code    16  fepilogue.o(.text)
    _float_epilogue                          0x08000485   Thumb Code   114  fepilogue.o(.text)
    __aeabi_dadd                             0x080004f9   Thumb Code   328  dadd.o(.text)
    __aeabi_dsub                             0x08000641   Thumb Code    12  dadd.o(.text)
    __aeabi_drsub                            0x0800064d   Thumb Code    12  dadd.o(.text)
    __aeabi_dmul                             0x0800065d   Thumb Code   202  dmul.o(.text)
    __aeabi_ddiv                             0x0800072d   Thumb Code   234  ddiv.o(.text)
    __aeabi_d2ulz                            0x0800081d   Thumb Code    54  dfixul.o(.text)
    __aeabi_cdrcmple                         0x0800085d   Thumb Code    38  cdrcmple.o(.text)
    __scatterload                            0x08000885   Thumb Code    28  init.o(.text)
    __scatterload_rt2                        0x08000885   Thumb Code     0  init.o(.text)
    __aeabi_lasr                             0x080008a9   Thumb Code    38  llsshr.o(.text)
    _ll_sshift_r                             0x080008a9   Thumb Code     0  llsshr.o(.text)
    _double_round                            0x080008cf   Thumb Code    26  depilogue.o(.text)
    _double_epilogue                         0x080008e9   Thumb Code   164  depilogue.o(.text)
    Conf_NRF_Rx                              0x0800098d   Thumb Code   144  nrf24l01.o(i.Conf_NRF_Rx)
    Conf_NRF_Tx                              0x08000a21   Thumb Code   146  nrf24l01.o(i.Conf_NRF_Tx)
    HAL_Delay                                0x08000ae1   Thumb Code    22  stm32l0xx_hal.o(i.HAL_Delay)
    HAL_GPIO_Init                            0x08000af9   Thumb Code   326  stm32l0xx_hal_gpio.o(i.HAL_GPIO_Init)
    HAL_GPIO_ReadPin                         0x08000c55   Thumb Code    10  stm32l0xx_hal_gpio.o(i.HAL_GPIO_ReadPin)
    HAL_GPIO_WritePin                        0x08000c5f   Thumb Code    12  stm32l0xx_hal_gpio.o(i.HAL_GPIO_WritePin)
    HAL_GetTick                              0x08000c6d   Thumb Code     6  stm32l0xx_hal.o(i.HAL_GetTick)
    HAL_I2CEx_ConfigAnalogFilter             0x08000c79   Thumb Code    74  stm32l0xx_hal_i2c_ex.o(i.HAL_I2CEx_ConfigAnalogFilter)
    HAL_I2CEx_ConfigDigitalFilter            0x08000cc3   Thumb Code    72  stm32l0xx_hal_i2c_ex.o(i.HAL_I2CEx_ConfigDigitalFilter)
    HAL_I2C_Init                             0x08000d0d   Thumb Code   176  stm32l0xx_hal_i2c.o(i.HAL_I2C_Init)
    HAL_I2C_Mem_Read                         0x08000dc1   Thumb Code   338  stm32l0xx_hal_i2c.o(i.HAL_I2C_Mem_Read)
    HAL_I2C_Mem_Write                        0x08000f1d   Thumb Code   334  stm32l0xx_hal_i2c.o(i.HAL_I2C_Mem_Write)
    HAL_I2C_MspInit                          0x08001071   Thumb Code    58  stm32l0xx_hal_msp.o(i.HAL_I2C_MspInit)
    HAL_IncTick                              0x080010b5   Thumb Code    10  stm32l0xx_hal.o(i.HAL_IncTick)
    HAL_Init                                 0x080010c5   Thumb Code    26  stm32l0xx_hal.o(i.HAL_Init)
    HAL_InitTick                             0x080010e5   Thumb Code    34  stm32l0xx_hal.o(i.HAL_InitTick)
    HAL_MspInit                              0x0800110d   Thumb Code    52  stm32l0xx_hal_msp.o(i.HAL_MspInit)
    HAL_NVIC_EnableIRQ                       0x08001145   Thumb Code    14  stm32l0xx_hal_cortex.o(i.HAL_NVIC_EnableIRQ)
    HAL_NVIC_SetPriority                     0x08001159   Thumb Code     8  stm32l0xx_hal_cortex.o(i.HAL_NVIC_SetPriority)
    HAL_RCCEx_GetPeriphCLKFreq               0x08001161   Thumb Code   230  stm32l0xx_hal_rcc_ex.o(i.HAL_RCCEx_GetPeriphCLKFreq)
    HAL_RCC_ClockConfig                      0x08001265   Thumb Code   340  stm32l0xx_hal_rcc.o(i.HAL_RCC_ClockConfig)
    HAL_RCC_GetHCLKFreq                      0x080013cd   Thumb Code     6  stm32l0xx_hal_rcc.o(i.HAL_RCC_GetHCLKFreq)
    HAL_RCC_GetPCLK1Freq                     0x080013d9   Thumb Code    20  stm32l0xx_hal_rcc.o(i.HAL_RCC_GetPCLK1Freq)
    HAL_RCC_GetPCLK2Freq                     0x080013f9   Thumb Code    20  stm32l0xx_hal_rcc.o(i.HAL_RCC_GetPCLK2Freq)
    HAL_RCC_GetSysClockFreq                  0x08001419   Thumb Code   100  stm32l0xx_hal_rcc.o(i.HAL_RCC_GetSysClockFreq)
    HAL_RCC_OscConfig                        0x08001491   Thumb Code   976  stm32l0xx_hal_rcc.o(i.HAL_RCC_OscConfig)
    HAL_SPI_Init                             0x0800187d   Thumb Code   122  stm32l0xx_hal_spi.o(i.HAL_SPI_Init)
    HAL_SPI_MspInit                          0x080018f9   Thumb Code    54  stm32l0xx_hal_msp.o(i.HAL_SPI_MspInit)
    HAL_SPI_TransmitReceive                  0x08001939   Thumb Code   696  stm32l0xx_hal_spi.o(i.HAL_SPI_TransmitReceive)
    HAL_SYSTICK_CLKSourceConfig              0x08001bf1   Thumb Code    20  stm32l0xx_hal_cortex.o(i.HAL_SYSTICK_CLKSourceConfig)
    HAL_SYSTICK_Callback                     0x08001c09   Thumb Code     2  stm32l0xx_hal_cortex.o(i.HAL_SYSTICK_Callback)
    HAL_SYSTICK_Config                       0x08001c0d   Thumb Code    38  stm32l0xx_hal_cortex.o(i.HAL_SYSTICK_Config)
    HAL_SYSTICK_IRQHandler                   0x08001c3d   Thumb Code     8  stm32l0xx_hal_cortex.o(i.HAL_SYSTICK_IRQHandler)
    HAL_TIMEx_MasterConfigSynchronization    0x08001c45   Thumb Code    72  stm32l0xx_hal_tim_ex.o(i.HAL_TIMEx_MasterConfigSynchronization)
    HAL_TIM_Base_Init                        0x08001c8d   Thumb Code    52  stm32l0xx_hal_tim.o(i.HAL_TIM_Base_Init)
    HAL_TIM_Base_MspInit                     0x08001cc1   Thumb Code    22  stm32l0xx_hal_msp.o(i.HAL_TIM_Base_MspInit)
    HAL_TIM_Base_Start                       0x08001cdd   Thumb Code    24  stm32l0xx_hal_tim.o(i.HAL_TIM_Base_Start)
    HAL_TIM_Base_Start_IT                    0x08001cf5   Thumb Code    22  stm32l0xx_hal_tim.o(i.HAL_TIM_Base_Start_IT)
    HAL_TIM_ConfigClockSource                0x08001d0b   Thumb Code   238  stm32l0xx_hal_tim.o(i.HAL_TIM_ConfigClockSource)
    HAL_TIM_IC_CaptureCallback               0x08001df9   Thumb Code     2  stm32l0xx_hal_tim.o(i.HAL_TIM_IC_CaptureCallback)
    HAL_TIM_IRQHandler                       0x08001dfb   Thumb Code   294  stm32l0xx_hal_tim.o(i.HAL_TIM_IRQHandler)
    HAL_TIM_OC_DelayElapsedCallback          0x08001f21   Thumb Code     2  stm32l0xx_hal_tim.o(i.HAL_TIM_OC_DelayElapsedCallback)
    HAL_TIM_PWM_PulseFinishedCallback        0x08001f23   Thumb Code     2  stm32l0xx_hal_tim.o(i.HAL_TIM_PWM_PulseFinishedCallback)
    HAL_TIM_PeriodElapsedCallback            0x08001f25   Thumb Code     2  stm32l0xx_hal_tim.o(i.HAL_TIM_PeriodElapsedCallback)
    HAL_TIM_TriggerCallback                  0x08001f27   Thumb Code     2  stm32l0xx_hal_tim.o(i.HAL_TIM_TriggerCallback)
    HAL_UART_Init                            0x08001f29   Thumb Code   108  stm32l0xx_hal_uart.o(i.HAL_UART_Init)
    HAL_UART_MspInit                         0x08001f95   Thumb Code    72  stm32l0xx_hal_msp.o(i.HAL_UART_MspInit)
    HAL_UART_Transmit                        0x08001fe5   Thumb Code   200  stm32l0xx_hal_uart.o(i.HAL_UART_Transmit)
    HardFault_Handler                        0x080020ad   Thumb Code     2  stm32l0xx_it.o(i.HardFault_Handler)
    IRQ_is_interrupt                         0x0800232d   Thumb Code    24  nrf24l01.o(i.IRQ_is_interrupt)
    NMI_Handler                              0x080024d5   Thumb Code     2  stm32l0xx_it.o(i.NMI_Handler)
    NRF_cmd                                  0x080024d7   Thumb Code    40  nrf24l01.o(i.NRF_cmd)
    NRF_readreg                              0x080024ff   Thumb Code    48  nrf24l01.o(i.NRF_readreg)
    NRF_write_buf                            0x0800252f   Thumb Code    64  nrf24l01.o(i.NRF_write_buf)
    NRF_writereg                             0x0800256f   Thumb Code    52  nrf24l01.o(i.NRF_writereg)
    NRF_writereg_buf                         0x080025a3   Thumb Code    14  nrf24l01.o(i.NRF_writereg_buf)
    PendSV_Handler                           0x080025f5   Thumb Code     2  stm32l0xx_it.o(i.PendSV_Handler)
    SPIx_Transfer                            0x0800271d   Thumb Code    28  nrf24l01.o(i.SPIx_Transfer)
    SVC_Handler                              0x0800273d   Thumb Code     2  stm32l0xx_it.o(i.SVC_Handler)
    SysTick_Handler                          0x0800273f   Thumb Code    12  stm32l0xx_it.o(i.SysTick_Handler)
    SystemClock_Config                       0x0800274d   Thumb Code   114  main.o(i.SystemClock_Config)
    SystemInit                               0x080027c5   Thumb Code    66  system_stm32l0xx.o(i.SystemInit)
    TIM2_IRQHandler                          0x08002819   Thumb Code    24  main.o(i.TIM2_IRQHandler)
    UART_AdvFeatureConfig                    0x080028e7   Thumb Code   202  stm32l0xx_hal_uart.o(i.UART_AdvFeatureConfig)
    UART_CheckIdleState                      0x080029b1   Thumb Code    90  stm32l0xx_hal_uart.o(i.UART_CheckIdleState)
    UART_SetConfig                           0x08002a11   Thumb Code   466  stm32l0xx_hal_uart.o(i.UART_SetConfig)
    UART_WaitOnFlagUntilTimeout              0x08002c09   Thumb Code    98  stm32l0xx_hal_uart.o(i.UART_WaitOnFlagUntilTimeout)
    __0sprintf                               0x08002c6d   Thumb Code    36  printfa.o(i.__0sprintf)
    __1sprintf                               0x08002c6d   Thumb Code     0  printfa.o(i.__0sprintf)
    __2sprintf                               0x08002c6d   Thumb Code     0  printfa.o(i.__0sprintf)
    __c89sprintf                             0x08002c6d   Thumb Code     0  printfa.o(i.__0sprintf)
    sprintf                                  0x08002c6d   Thumb Code     0  printfa.o(i.__0sprintf)
    __ARM_clz                                0x08002c95   Thumb Code    46  depilogue.o(i.__ARM_clz)
    __ARM_common_switch8                     0x08002cc3   Thumb Code    26  stm32l0xx_hal_tim.o(i.__ARM_common_switch8)
    __scatterload_copy                       0x08002cdd   Thumb Code    14  handlers.o(i.__scatterload_copy)
    __scatterload_null                       0x08002ceb   Thumb Code     2  handlers.o(i.__scatterload_null)
    __scatterload_zeroinit                   0x08002ced   Thumb Code    14  handlers.o(i.__scatterload_zeroinit)
    bmp280_init                              0x080035b3   Thumb Code   204  bmp280.o(i.bmp280_init)
    bmp280_init_default_params               0x0800367f   Thumb Code    18  bmp280.o(i.bmp280_init_default_params)
    bmp280_read_fixed                        0x08003691   Thumb Code   272  bmp280.o(i.bmp280_read_fixed)
    bmp280_read_float                        0x080037a5   Thumb Code    90  bmp280.o(i.bmp280_read_float)
    main                                     0x08003945   Thumb Code   540  main.o(i.main)
    send_data_NRF                            0x08003e35   Thumb Code   146  nrf24l01.o(i.send_data_NRF)
    AHBPrescTable                            0x08003f40   Data          16  system_stm32l0xx.o(.constdata)
    PLLMulTable                              0x08003f50   Data           9  system_stm32l0xx.o(.constdata)
    APBPrescTable                            0x08003f59   Data           8  system_stm32l0xx.o(.constdata)
    Region$$Table$$Base                      0x08003f64   Number         0  anon$$obj.o(Region$$Table)
    Region$$Table$$Limit                     0x08003f84   Number         0  anon$$obj.o(Region$$Table)
    status_TX                                0x20000000   Data           1  main.o(.data)
    Tcounter                                 0x20000001   Data           1  main.o(.data)
    Tcounter1                                0x20000002   Data           1  main.o(.data)
    size_UART                                0x20000004   Data           2  main.o(.data)
    pressure                                 0x20000008   Data           4  main.o(.data)
    temperature                              0x2000000c   Data           4  main.o(.data)
    humidity                                 0x20000010   Data           4  main.o(.data)
    buffer_TX                                0x20000014   Data          10  main.o(.data)
    self_addr                                0x2000001e   Data           5  nrf24l01.o(.data)
    remote_addr                              0x20000023   Data           5  nrf24l01.o(.data)
    uwTick                                   0x20000028   Data           4  stm32l0xx_hal.o(.data)
    SystemCoreClock                          0x2000002c   Data           4  system_stm32l0xx.o(.data)
    bmp280                                   0x20000030   Data          52  main.o(.bss)
    hi2c1                                    0x20000064   Data          76  main.o(.bss)
    hspi1                                    0x200000b0   Data          88  main.o(.bss)
    htim2                                    0x20000108   Data          56  main.o(.bss)
    huart2                                   0x20000140   Data         112  main.o(.bss)
    Data                                     0x200001b0   Data         128  main.o(.bss)
    __initial_sp                             0x20000630   Data           0  startup_stm32l011xx.o(STACK)



==============================================================================

Memory Map of the image

  Image Entry point : 0x080000c1

  Load Region LR_IROM1 (Base: 0x08000000, Size: 0x00003fb4, Max: 0x00004000, ABSOLUTE)

    Execution Region ER_IROM1 (Base: 0x08000000, Size: 0x00003f84, Max: 0x00004000, ABSOLUTE)

    Base Addr    Size         Type   Attr      Idx    E Section Name        Object

    0x08000000   0x000000c0   Data   RO            3    RESET               startup_stm32l011xx.o
    0x080000c0   0x00000000   Code   RO         3268  * .ARM.Collect$$$$00000000  mc_p.l(entry.o)
    0x080000c0   0x00000004   Code   RO         3558    .ARM.Collect$$$$00000001  mc_p.l(entry2.o)
    0x080000c4   0x00000004   Code   RO         3561    .ARM.Collect$$$$00000004  mc_p.l(entry5.o)
    0x080000c8   0x00000000   Code   RO         3563    .ARM.Collect$$$$00000008  mc_p.l(entry7b.o)
    0x080000c8   0x00000000   Code   RO         3565    .ARM.Collect$$$$0000000A  mc_p.l(entry8b.o)
    0x080000c8   0x00000008   Code   RO         3566    .ARM.Collect$$$$0000000B  mc_p.l(entry9a.o)
    0x080000d0   0x00000000   Code   RO         3568    .ARM.Collect$$$$0000000D  mc_p.l(entry10a.o)
    0x080000d0   0x00000000   Code   RO         3570    .ARM.Collect$$$$0000000F  mc_p.l(entry11a.o)
    0x080000d0   0x00000004   Code   RO         3559    .ARM.Collect$$$$00002712  mc_p.l(entry2.o)
    0x080000d4   0x00000058   Code   RO            4    .text               startup_stm32l011xx.o
    0x0800012c   0x0000002c   Code   RO         3271    .text               mc_p.l(uidiv.o)
    0x08000158   0x00000060   Code   RO         3273    .text               mc_p.l(uldiv.o)
    0x080001b8   0x0000004c   Code   RO         3275    .text               mc_p.l(ldiv.o)
    0x08000204   0x0000007a   Code   RO         3277    .text               mc_p.l(llmul.o)
    0x0800027e   0x0000007a   Code   RO         3542    .text               mf_p.l(fmul.o)
    0x080002f8   0x0000007c   Code   RO         3544    .text               mf_p.l(fdiv.o)
    0x08000374   0x00000018   Code   RO         3546    .text               mf_p.l(fscalb.o)
    0x0800038c   0x00000016   Code   RO         3548    .text               mf_p.l(fflti.o)
    0x080003a2   0x0000000e   Code   RO         3550    .text               mf_p.l(ffltui.o)
    0x080003b0   0x00000032   Code   RO         3552    .text               mf_p.l(ffixi.o)
    0x080003e2   0x00000028   Code   RO         3554    .text               mf_p.l(ffixui.o)
    0x0800040a   0x00000028   Code   RO         3556    .text               mf_p.l(f2d.o)
    0x08000432   0x00000020   Code   RO         3575    .text               mc_p.l(llshl.o)
    0x08000452   0x00000022   Code   RO         3577    .text               mc_p.l(llushr.o)
    0x08000474   0x00000000   Code   RO         3579    .text               mc_p.l(iusefp.o)
    0x08000474   0x00000082   Code   RO         3580    .text               mf_p.l(fepilogue.o)
    0x080004f6   0x00000002   PAD
    0x080004f8   0x00000164   Code   RO         3582    .text               mf_p.l(dadd.o)
    0x0800065c   0x000000d0   Code   RO         3584    .text               mf_p.l(dmul.o)
    0x0800072c   0x000000f0   Code   RO         3586    .text               mf_p.l(ddiv.o)
    0x0800081c   0x00000040   Code   RO         3588    .text               mf_p.l(dfixul.o)
    0x0800085c   0x00000028   Code   RO         3590    .text               mf_p.l(cdrcmple.o)
    0x08000884   0x00000024   Code   RO         3592    .text               mc_p.l(init.o)
    0x080008a8   0x00000026   Code   RO         3595    .text               mc_p.l(llsshr.o)
    0x080008ce   0x000000be   Code   RO         3598    .text               mf_p.l(depilogue.o)
    0x0800098c   0x00000094   Code   RO          393    i.Conf_NRF_Rx       nrf24l01.o
    0x08000a20   0x00000098   Code   RO          394    i.Conf_NRF_Tx       nrf24l01.o
    0x08000ab8   0x00000028   Code   RO          395    i.DelayMicro        nrf24l01.o
    0x08000ae0   0x00000016   Code   RO         2278    i.HAL_Delay         stm32l0xx_hal.o
    0x08000af6   0x00000002   PAD
    0x08000af8   0x0000015c   Code   RO         2832    i.HAL_GPIO_Init     stm32l0xx_hal_gpio.o
    0x08000c54   0x0000000a   Code   RO         2834    i.HAL_GPIO_ReadPin  stm32l0xx_hal_gpio.o
    0x08000c5e   0x0000000c   Code   RO         2836    i.HAL_GPIO_WritePin  stm32l0xx_hal_gpio.o
    0x08000c6a   0x00000002   PAD
    0x08000c6c   0x0000000c   Code   RO         2282    i.HAL_GetTick       stm32l0xx_hal.o
    0x08000c78   0x0000004a   Code   RO          929    i.HAL_I2CEx_ConfigAnalogFilter  stm32l0xx_hal_i2c_ex.o
    0x08000cc2   0x00000048   Code   RO          930    i.HAL_I2CEx_ConfigDigitalFilter  stm32l0xx_hal_i2c_ex.o
    0x08000d0a   0x00000002   PAD
    0x08000d0c   0x000000b4   Code   RO          516    i.HAL_I2C_Init      stm32l0xx_hal_i2c.o
    0x08000dc0   0x0000015c   Code   RO          532    i.HAL_I2C_Mem_Read  stm32l0xx_hal_i2c.o
    0x08000f1c   0x00000154   Code   RO          535    i.HAL_I2C_Mem_Write  stm32l0xx_hal_i2c.o
    0x08001070   0x00000044   Code   RO          246    i.HAL_I2C_MspInit   stm32l0xx_hal_msp.o
    0x080010b4   0x00000010   Code   RO         2283    i.HAL_IncTick       stm32l0xx_hal.o
    0x080010c4   0x00000020   Code   RO         2284    i.HAL_Init          stm32l0xx_hal.o
    0x080010e4   0x00000028   Code   RO         2285    i.HAL_InitTick      stm32l0xx_hal.o
    0x0800110c   0x00000038   Code   RO          247    i.HAL_MspInit       stm32l0xx_hal_msp.o
    0x08001144   0x00000014   Code   RO         3144    i.HAL_NVIC_EnableIRQ  stm32l0xx_hal_cortex.o
    0x08001158   0x00000008   Code   RO         3148    i.HAL_NVIC_SetPriority  stm32l0xx_hal_cortex.o
    0x08001160   0x00000104   Code   RO         2519    i.HAL_RCCEx_GetPeriphCLKFreq  stm32l0xx_hal_rcc_ex.o
    0x08001264   0x00000168   Code   RO         2436    i.HAL_RCC_ClockConfig  stm32l0xx_hal_rcc.o
    0x080013cc   0x0000000c   Code   RO         2439    i.HAL_RCC_GetHCLKFreq  stm32l0xx_hal_rcc.o
    0x080013d8   0x00000020   Code   RO         2441    i.HAL_RCC_GetPCLK1Freq  stm32l0xx_hal_rcc.o
    0x080013f8   0x00000020   Code   RO         2442    i.HAL_RCC_GetPCLK2Freq  stm32l0xx_hal_rcc.o
    0x08001418   0x00000078   Code   RO         2443    i.HAL_RCC_GetSysClockFreq  stm32l0xx_hal_rcc.o
    0x08001490   0x000003ec   Code   RO         2445    i.HAL_RCC_OscConfig  stm32l0xx_hal_rcc.o
    0x0800187c   0x0000007a   Code   RO          987    i.HAL_SPI_Init      stm32l0xx_hal_spi.o
    0x080018f6   0x00000002   PAD
    0x080018f8   0x00000040   Code   RO          249    i.HAL_SPI_MspInit   stm32l0xx_hal_msp.o
    0x08001938   0x000002b8   Code   RO          996    i.HAL_SPI_TransmitReceive  stm32l0xx_hal_spi.o
    0x08001bf0   0x00000018   Code   RO         3150    i.HAL_SYSTICK_CLKSourceConfig  stm32l0xx_hal_cortex.o
    0x08001c08   0x00000002   Code   RO         3151    i.HAL_SYSTICK_Callback  stm32l0xx_hal_cortex.o
    0x08001c0a   0x00000002   PAD
    0x08001c0c   0x00000030   Code   RO         3152    i.HAL_SYSTICK_Config  stm32l0xx_hal_cortex.o
    0x08001c3c   0x00000008   Code   RO         3153    i.HAL_SYSTICK_IRQHandler  stm32l0xx_hal_cortex.o
    0x08001c44   0x00000048   Code   RO         1839    i.HAL_TIMEx_MasterConfigSynchronization  stm32l0xx_hal_tim_ex.o
    0x08001c8c   0x00000034   Code   RO         1216    i.HAL_TIM_Base_Init  stm32l0xx_hal_tim.o
    0x08001cc0   0x0000001c   Code   RO          251    i.HAL_TIM_Base_MspInit  stm32l0xx_hal_msp.o
    0x08001cdc   0x00000018   Code   RO         1219    i.HAL_TIM_Base_Start  stm32l0xx_hal_tim.o
    0x08001cf4   0x00000016   Code   RO         1221    i.HAL_TIM_Base_Start_IT  stm32l0xx_hal_tim.o
    0x08001d0a   0x000000ee   Code   RO         1225    i.HAL_TIM_ConfigClockSource  stm32l0xx_hal_tim.o
    0x08001df8   0x00000002   Code   RO         1245    i.HAL_TIM_IC_CaptureCallback  stm32l0xx_hal_tim.o
    0x08001dfa   0x00000126   Code   RO         1258    i.HAL_TIM_IRQHandler  stm32l0xx_hal_tim.o
    0x08001f20   0x00000002   Code   RO         1261    i.HAL_TIM_OC_DelayElapsedCallback  stm32l0xx_hal_tim.o
    0x08001f22   0x00000002   Code   RO         1288    i.HAL_TIM_PWM_PulseFinishedCallback  stm32l0xx_hal_tim.o
    0x08001f24   0x00000002   Code   RO         1295    i.HAL_TIM_PeriodElapsedCallback  stm32l0xx_hal_tim.o
    0x08001f26   0x00000002   Code   RO         1299    i.HAL_TIM_TriggerCallback  stm32l0xx_hal_tim.o
    0x08001f28   0x0000006c   Code   RO         1891    i.HAL_UART_Init     stm32l0xx_hal_uart.o
    0x08001f94   0x00000050   Code   RO          253    i.HAL_UART_MspInit  stm32l0xx_hal_msp.o
    0x08001fe4   0x000000c8   Code   RO         1899    i.HAL_UART_Transmit  stm32l0xx_hal_uart.o
    0x080020ac   0x00000002   Code   RO          198    i.HardFault_Handler  stm32l0xx_it.o
    0x080020ae   0x00000022   Code   RO          558    i.I2C_Flush_TXDR    stm32l0xx_hal_i2c.o
    0x080020d0   0x00000074   Code   RO          566    i.I2C_IsAcknowledgeFailed  stm32l0xx_hal_i2c.o
    0x08002144   0x0000006c   Code   RO          569    i.I2C_RequestMemoryRead  stm32l0xx_hal_i2c.o
    0x080021b0   0x0000006c   Code   RO          570    i.I2C_RequestMemoryWrite  stm32l0xx_hal_i2c.o
    0x0800221c   0x00000028   Code   RO          573    i.I2C_TransferConfig  stm32l0xx_hal_i2c.o
    0x08002244   0x00000048   Code   RO          574    i.I2C_WaitOnFlagUntilTimeout  stm32l0xx_hal_i2c.o
    0x0800228c   0x0000004e   Code   RO          576    i.I2C_WaitOnSTOPFlagUntilTimeout  stm32l0xx_hal_i2c.o
    0x080022da   0x00000052   Code   RO          577    i.I2C_WaitOnTXISFlagUntilTimeout  stm32l0xx_hal_i2c.o
    0x0800232c   0x00000018   Code   RO          396    i.IRQ_is_interrupt  nrf24l01.o
    0x08002344   0x00000074   Code   RO           12    i.MX_GPIO_Init      main.o
    0x080023b8   0x00000050   Code   RO           13    i.MX_I2C1_Init      main.o
    0x08002408   0x00000040   Code   RO           14    i.MX_SPI1_Init      main.o
    0x08002448   0x00000054   Code   RO           15    i.MX_TIM2_Init      main.o
    0x0800249c   0x00000038   Code   RO           16    i.MX_USART2_UART_Init  main.o
    0x080024d4   0x00000002   Code   RO          199    i.NMI_Handler       stm32l0xx_it.o
    0x080024d6   0x00000028   Code   RO          397    i.NRF_cmd           nrf24l01.o
    0x080024fe   0x00000030   Code   RO          400    i.NRF_readreg       nrf24l01.o
    0x0800252e   0x00000040   Code   RO          402    i.NRF_write_buf     nrf24l01.o
    0x0800256e   0x00000034   Code   RO          403    i.NRF_writereg      nrf24l01.o
    0x080025a2   0x0000000e   Code   RO          404    i.NRF_writereg_buf  nrf24l01.o
    0x080025b0   0x00000044   Code   RO         3154    i.NVIC_SetPriority  stm32l0xx_hal_cortex.o
    0x080025f4   0x00000002   Code   RO          200    i.PendSV_Handler    stm32l0xx_it.o
    0x080025f6   0x00000002   PAD
    0x080025f8   0x00000070   Code   RO         2446    i.RCC_SetFlashLatencyFromMSIRange  stm32l0xx_hal_rcc.o
    0x08002668   0x000000b2   Code   RO         1017    i.SPI_WaitOnFlagUntilTimeout  stm32l0xx_hal_spi.o
    0x0800271a   0x00000002   PAD
    0x0800271c   0x00000020   Code   RO          405    i.SPIx_Transfer     nrf24l01.o
    0x0800273c   0x00000002   Code   RO          201    i.SVC_Handler       stm32l0xx_it.o
    0x0800273e   0x0000000c   Code   RO          202    i.SysTick_Handler   stm32l0xx_it.o
    0x0800274a   0x00000002   PAD
    0x0800274c   0x00000078   Code   RO           17    i.SystemClock_Config  main.o
    0x080027c4   0x00000054   Code   RO         3237    i.SystemInit        system_stm32l0xx.o
    0x08002818   0x00000020   Code   RO           18    i.TIM2_IRQHandler   main.o
    0x08002838   0x00000040   Code   RO         1300    i.TIM_Base_SetConfig  stm32l0xx_hal_tim.o
    0x08002878   0x00000016   Code   RO         1307    i.TIM_ETR_SetConfig  stm32l0xx_hal_tim.o
    0x0800288e   0x00000010   Code   RO         1308    i.TIM_ITRx_SetConfig  stm32l0xx_hal_tim.o
    0x0800289e   0x00000022   Code   RO         1314    i.TIM_TI1_ConfigInputStage  stm32l0xx_hal_tim.o
    0x080028c0   0x00000026   Code   RO         1316    i.TIM_TI2_ConfigInputStage  stm32l0xx_hal_tim.o
    0x080028e6   0x000000ca   Code   RO         1904    i.UART_AdvFeatureConfig  stm32l0xx_hal_uart.o
    0x080029b0   0x00000060   Code   RO         1905    i.UART_CheckIdleState  stm32l0xx_hal_uart.o
    0x08002a10   0x000001f8   Code   RO         1919    i.UART_SetConfig    stm32l0xx_hal_uart.o
    0x08002c08   0x00000062   Code   RO         1921    i.UART_WaitOnFlagUntilTimeout  stm32l0xx_hal_uart.o
    0x08002c6a   0x00000002   PAD
    0x08002c6c   0x00000028   Code   RO         3516    i.__0sprintf        mc_p.l(printfa.o)
    0x08002c94   0x0000002e   Code   RO         3600    i.__ARM_clz         mf_p.l(depilogue.o)
    0x08002cc2   0x0000001a   Code   RO         1832    i.__ARM_common_switch8  stm32l0xx_hal_tim.o
    0x08002cdc   0x0000000e   Code   RO         3604    i.__scatterload_copy  mc_p.l(handlers.o)
    0x08002cea   0x00000002   Code   RO         3605    i.__scatterload_null  mc_p.l(handlers.o)
    0x08002cec   0x0000000e   Code   RO         3606    i.__scatterload_zeroinit  mc_p.l(handlers.o)
    0x08002cfa   0x00000002   PAD
    0x08002cfc   0x00000174   Code   RO         3521    i._fp_digits        mc_p.l(printfa.o)
    0x08002e70   0x000006ec   Code   RO         3522    i._printf_core      mc_p.l(printfa.o)
    0x0800355c   0x00000020   Code   RO         3523    i._printf_post_padding  mc_p.l(printfa.o)
    0x0800357c   0x0000002c   Code   RO         3524    i._printf_pre_padding  mc_p.l(printfa.o)
    0x080035a8   0x0000000a   Code   RO         3526    i._sputc            mc_p.l(printfa.o)
    0x080035b2   0x000000cc   Code   RO          314    i.bmp280_init       bmp280.o
    0x0800367e   0x00000012   Code   RO          315    i.bmp280_init_default_params  bmp280.o
    0x08003690   0x00000114   Code   RO          317    i.bmp280_read_fixed  bmp280.o
    0x080037a4   0x00000060   Code   RO          318    i.bmp280_read_float  bmp280.o
    0x08003804   0x00000140   Code   RO          319    i.compensate_pressure  bmp280.o
    0x08003944   0x00000344   Code   RO           20    i.main              main.o
    0x08003c88   0x000000c2   Code   RO          320    i.read_calibration_data  bmp280.o
    0x08003d4a   0x00000002   PAD
    0x08003d4c   0x00000028   Code   RO          321    i.read_data         bmp280.o
    0x08003d74   0x00000084   Code   RO          322    i.read_hum_calibration_data  bmp280.o
    0x08003df8   0x0000003c   Code   RO          323    i.read_register16   bmp280.o
    0x08003e34   0x000000dc   Code   RO          409    i.send_data_NRF     nrf24l01.o
    0x08003f10   0x00000030   Code   RO          324    i.write_register8   bmp280.o
    0x08003f40   0x00000019   Data   RO         3238    .constdata          system_stm32l0xx.o
    0x08003f59   0x00000008   Data   RO         3239    .constdata          system_stm32l0xx.o
    0x08003f61   0x00000003   PAD
    0x08003f64   0x00000020   Data   RO         3602    Region$$Table       anon$$obj.o


    Execution Region RW_IRAM1 (Base: 0x20000000, Size: 0x00000630, Max: 0x00000800, ABSOLUTE)

    Base Addr    Size         Type   Attr      Idx    E Section Name        Object

    0x20000000   0x0000001e   Data   RW           23    .data               main.o
    0x2000001e   0x0000000a   Data   RW          410    .data               nrf24l01.o
    0x20000028   0x00000004   Data   RW         2294    .data               stm32l0xx_hal.o
    0x2000002c   0x00000004   Data   RW         3240    .data               system_stm32l0xx.o
    0x20000030   0x00000200   Zero   RW           21    .bss                main.o
    0x20000230   0x00000400   Zero   RW            1    STACK               startup_stm32l011xx.o


==============================================================================

Image component sizes


      Code (inc. data)   RO Data    RW Data    ZI Data      Debug   Object Name

      1388         34          0          0          0       8435   bmp280.o
      1388        350          0         30        512     299593   main.o
       834         98          0         10          0       7438   nrf24l01.o
        88         38        192          0       1024        648   startup_stm32l011xx.o
       122         24          0          4          0       3671   stm32l0xx_hal.o
       178         28          0          0          0      10739   stm32l0xx_hal_cortex.o
       370         22          0          0          0       2991   stm32l0xx_hal_gpio.o
      1506         40          0          0          0      11778   stm32l0xx_hal_i2c.o
       146          0          0          0          0       1915   stm32l0xx_hal_i2c_ex.o
       296         38          0          0          0       3112   stm32l0xx_hal_msp.o
      1672        116          0          0          0       6868   stm32l0xx_hal_rcc.o
       260         30          0          0          0       1261   stm32l0xx_hal_rcc_ex.o
       996          0          0          0          0       3701   stm32l0xx_hal_spi.o
       840          4          0          0          0      10403   stm32l0xx_hal_tim.o
        72          0          0          0          0       1168   stm32l0xx_hal_tim_ex.o
      1208         68          0          0          0       6453   stm32l0xx_hal_uart.o
        20          0          0          0          0       2123   stm32l0xx_it.o
        84         18         33          4          0       1223   system_stm32l0xx.o

    ----------------------------------------------------------------------
     11488        908        260         48       1536     383520   Object Totals
         0          0         32          0          0          0   (incl. Generated)
        20          0          3          0          0          0   (incl. Padding)

    ----------------------------------------------------------------------

      Code (inc. data)   RO Data    RW Data    ZI Data      Debug   Library Member Name

         0          0          0          0          0          0   entry.o
         0          0          0          0          0          0   entry10a.o
         0          0          0          0          0          0   entry11a.o
         8          4          0          0          0          0   entry2.o
         4          0          0          0          0          0   entry5.o
         0          0          0          0          0          0   entry7b.o
         0          0          0          0          0          0   entry8b.o
         8          4          0          0          0          0   entry9a.o
        30          0          0          0          0          0   handlers.o
        36          8          0          0          0         68   init.o
         0          0          0          0          0          0   iusefp.o
        76          0          0          0          0         76   ldiv.o
       122          0          0          0          0         84   llmul.o
        32          0          0          0          0         68   llshl.o
        38          0          0          0          0         68   llsshr.o
        34          0          0          0          0         68   llushr.o
      2270         94          0          0          0        472   printfa.o
        44          0          0          0          0         72   uidiv.o
        96          0          0          0          0         84   uldiv.o
        40          2          0          0          0         68   cdrcmple.o
       356          4          0          0          0        140   dadd.o
       240          6          0          0          0         84   ddiv.o
       236          0          0          0          0        216   depilogue.o
        64         10          0          0          0         68   dfixul.o
       208          6          0          0          0         88   dmul.o
        40          0          0          0          0         60   f2d.o
       124          0          0          0          0         72   fdiv.o
       130          0          0          0          0        144   fepilogue.o
        50          0          0          0          0         60   ffixi.o
        40          0          0          0          0         60   ffixui.o
        22          0          0          0          0         68   fflti.o
        14          0          0          0          0         68   ffltui.o
       122          0          0          0          0         72   fmul.o
        24          0          0          0          0         60   fscalb.o

    ----------------------------------------------------------------------
      4512        138          0          0          0       2388   Library Totals
         4          0          0          0          0          0   (incl. Padding)

    ----------------------------------------------------------------------

      Code (inc. data)   RO Data    RW Data    ZI Data      Debug   Library Name

      2798        110          0          0          0       1060   mc_p.l
      1710         28          0          0          0       1328   mf_p.l

    ----------------------------------------------------------------------
      4512        138          0          0          0       2388   Library Totals

    ----------------------------------------------------------------------

==============================================================================


      Code (inc. data)   RO Data    RW Data    ZI Data      Debug   

     16000       1046        260         48       1536     380464   Grand Totals
     16000       1046        260         48       1536     380464   ELF Image Totals
     16000       1046        260         48          0          0   ROM Totals

==============================================================================

    Total RO  Size (Code + RO Data)                16260 (  15.88kB)
    Total RW  Size (RW Data + ZI Data)              1584 (   1.55kB)
    Total ROM Size (Code + RO Data + RW Data)      16308 (  15.93kB)

==============================================================================

